Component: Arm Compiler for Embedded 6.24 Tool: armlink [5f371500]

==============================================================================

Section Cross References

    startup_lpc17xx.o(STACK) refers (Special) to heapauxi.o(.text) for __use_two_region_memory
    startup_lpc17xx.o(HEAP) refers (Special) to heapauxi.o(.text) for __use_two_region_memory
    startup_lpc17xx.o(RESET) refers (Special) to heapauxi.o(.text) for __use_two_region_memory
    startup_lpc17xx.o(RESET) refers to startup_lpc17xx.o(STACK) for __initial_sp
    startup_lpc17xx.o(RESET) refers to startup_lpc17xx.o(.text) for Reset_Handler
    startup_lpc17xx.o(RESET) refers to irq_timer.o(.text) for TIMER0_IRQHandler
    startup_lpc17xx.o(RESET) refers to irq_button.o(.text) for EINT0_IRQHandler
    startup_lpc17xx.o(RESET) refers to irq_adc.o(.text) for ADC_IRQHandler
    startup_lpc17xx.o(RESET) refers to irq_rit.o(.text) for RIT_IRQHandler
    startup_lpc17xx.o(.ARM.__at_0x02FC) refers (Special) to heapauxi.o(.text) for __use_two_region_memory
    startup_lpc17xx.o(.text) refers (Special) to heapauxi.o(.text) for __use_two_region_memory
    startup_lpc17xx.o(.text) refers to __main.o(!!!main) for __main
    startup_lpc17xx.o(.text) refers to startup_lpc17xx.o(HEAP) for Heap_Mem
    startup_lpc17xx.o(.text) refers to startup_lpc17xx.o(STACK) for Stack_Mem
    sample.o(.text) refers to system_lpc17xx.o(.text) for SystemInit
    sample.o(.text) refers to glcd.o(.text) for LCD_Initialization
    sample.o(.text) refers to lib_joystick.o(.text) for joystick_init
    sample.o(.text) refers to lib_button.o(.text) for BUTTON_init
    sample.o(.text) refers to lib_adc.o(.text) for ADC_init
    sample.o(.text) refers to music.o(.text) for music_init
    sample.o(.text) refers to lib_timer.o(.text) for init_timer
    sample.o(.text) refers to lib_rit.o(.text) for init_RIT
    sample.o(.text) refers to game.o(.text) for game_init
    sample.o(.ARM.exidx) refers to sample.o(.text) for [Anonymous Symbol]
    functions.o(.text) refers to funct_led.o(.text) for LED_Out
    functions.o(.ARM.exidx) refers to functions.o(.text) for [Anonymous Symbol]
    game.o(.text) refers (Special) to _printf_percent.o(.ARM.Collect$$_printf_percent$$00000000) for _printf_percent
    game.o(.text) refers (Special) to _printf_d.o(.ARM.Collect$$_printf_percent$$00000009) for _printf_d
    game.o(.text) refers (Special) to _printf_dec.o(.text) for _printf_int_dec
    game.o(.text) refers to glcd.o(.text) for LCD_SetPoint
    game.o(.text) refers to game.o(.bss.board_powers) for board_powers
    game.o(.text) refers to game.o(.bss.score) for score
    game.o(.text) refers to game.o(.rodata.str1.1) for .L.str.9
    game.o(.text) refers to noretval__2sprintf.o(.text) for __2sprintf
    game.o(.text) refers to game.o(.bss.lines_cleared_total) for lines_cleared_total
    game.o(.text) refers to game.o(.bss.highScore) for highScore
    game.o(.text) refers to game.o(.data.status) for status
    game.o(.text) refers to game.o(.bss.board) for board
    game.o(.text) refers to game.o(.bss.spawn_random_powerup.occupied_blocks) for spawn_random_powerup.occupied_blocks
    game.o(.text) refers to rand.o(.emb_text) for rand
    game.o(.text) refers to rt_memmove_w.o(.text) for __aeabi_memmove4
    game.o(.text) refers to rt_memmove_v6.o(.text) for __aeabi_memmove
    game.o(.text) refers to music.o(.text) for music_play_clear_sfx
    game.o(.text) refers to game.o(.bss.slow_powerup_timer) for slow_powerup_timer
    game.o(.text) refers to game.o(.bss.nextBlock) for nextBlock
    game.o(.text) refers to game.o(.bss.currentBlock) for currentBlock
    game.o(.text) refers to game.o(.rodata.TETROMINO_COLORS) for TETROMINO_COLORS
    game.o(.text) refers to game.o(.rodata.TETROMINO_SHAPES) for TETROMINO_SHAPES
    game.o(.text) refers to game.o(.bss.hard_drop_mode) for hard_drop_mode
    game.o(.text) refers to rand.o(.text) for srand
    game.o(.text) refers to game.o(.bss.restart_requested) for restart_requested
    game.o(.text) refers to rt_memclr_w.o(.text) for __aeabi_memclr4
    game.o(.text) refers to lib_adc.o(.text) for ADC_start_conversion
    game.o(.text) refers to irq_adc.o(.bss.AD_current) for AD_current
    game.o(.text) refers to irq_rit.o(.bss.J_up) for J_up
    game.o(.text) refers to irq_rit.o(.bss.J_left) for J_left
    game.o(.text) refers to irq_rit.o(.bss.J_right) for J_right
    game.o(.text) refers to game.o(.bss.drop_ticks) for drop_ticks
    game.o(.text) refers to irq_rit.o(.bss.J_down) for J_down
    game.o(.ARM.exidx) refers (Special) to _printf_percent.o(.ARM.Collect$$_printf_percent$$00000000) for _printf_percent
    game.o(.ARM.exidx) refers (Special) to _printf_d.o(.ARM.Collect$$_printf_percent$$00000009) for _printf_d
    game.o(.ARM.exidx) refers (Special) to _printf_dec.o(.text) for _printf_int_dec
    game.o(.ARM.exidx) refers to game.o(.text) for [Anonymous Symbol]
[...]
    ddiv.o(x$fpl$ddiv) refers to dnaninf.o(x$fpl$dnaninf) for __fpl_dnaninf
    dfix.o(x$fpl$dfix) refers (Special) to usenofp.o(x$fpl$usenofp) for __I$use$fp
    dfix.o(x$fpl$dfix) refers to dnaninf.o(x$fpl$dnaninf) for __fpl_dnaninf
    dfix.o(x$fpl$dfixr) refers (Special) to usenofp.o(x$fpl$usenofp) for __I$use$fp
    dfix.o(x$fpl$dfixr) refers to dnaninf.o(x$fpl$dnaninf) for __fpl_dnaninf
    dflt_clz.o(x$fpl$dfltu) refers (Special) to usenofp.o(x$fpl$usenofp) for __I$use$fp
    dflt_clz.o(x$fpl$dflt) refers (Special) to usenofp.o(x$fpl$usenofp) for __I$use$fp
    dflt_clz.o(x$fpl$dfltn) refers (Special) to usenofp.o(x$fpl$usenofp) for __I$use$fp
    dmul.o(x$fpl$dmul) refers (Special) to usenofp.o(x$fpl$usenofp) for __I$use$fp
    dmul.o(x$fpl$dmul) refers to dretinf.o(x$fpl$dretinf) for __fpl_dretinf
    dmul.o(x$fpl$dmul) refers to dnaninf.o(x$fpl$dnaninf) for __fpl_dnaninf
    fdiv.o(x$fpl$frdiv) refers (Special) to usenofp.o(x$fpl$usenofp) for __I$use$fp
    fdiv.o(x$fpl$frdiv) refers to fdiv.o(x$fpl$fdiv) for _fdiv1
    fdiv.o(x$fpl$fdiv) refers (Special) to usenofp.o(x$fpl$usenofp) for __I$use$fp
    fdiv.o(x$fpl$fdiv) refers to fretinf.o(x$fpl$fretinf) for __fpl_fretinf
    fdiv.o(x$fpl$fdiv) refers to fnaninf.o(x$fpl$fnaninf) for __fpl_fnaninf
    fflt_clz.o(x$fpl$ffltu) refers (Special) to usenofp.o(x$fpl$usenofp) for __I$use$fp
    fflt_clz.o(x$fpl$fflt) refers (Special) to usenofp.o(x$fpl$usenofp) for __I$use$fp
    fflt_clz.o(x$fpl$ffltn) refers (Special) to usenofp.o(x$fpl$usenofp) for __I$use$fp
    __rtentry.o(.ARM.Collect$$rtentry$$00000000) refers (Special) to __rtentry2.o(.ARM.Collect$$rtentry$$0000000A) for __rt_entry_li
    __rtentry.o(.ARM.Collect$$rtentry$$00000000) refers (Special) to __rtentry2.o(.ARM.Collect$$rtentry$$0000000D) for __rt_entry_main
    __rtentry.o(.ARM.Collect$$rtentry$$00000000) refers (Special) to __rtentry2.o(.ARM.Collect$$rtentry$$0000000C) for __rt_entry_postli_1
    __rtentry.o(.ARM.Collect$$rtentry$$00000000) refers (Special) to __rtentry2.o(.ARM.Collect$$rtentry$$00000009) for __rt_entry_postsh_1
    __rtentry.o(.ARM.Collect$$rtentry$$00000000) refers (Special) to __rtentry2.o(.ARM.Collect$$rtentry$$00000002) for __rt_entry_presh_1
    __rtentry.o(.ARM.Collect$$rtentry$$00000000) refers (Special) to __rtentry4.o(.ARM.Collect$$rtentry$$00000004) for __rt_entry_sh
    _printf_char_common.o(.text) refers to __printf.o(.text) for __printf
    libinit2.o(.ARM.Collect$$libinit$$0000000F) refers (Weak) to rand.o(.text) for _rand_init
    libinit2.o(.ARM.Collect$$libinit$$00000012) refers to libinit2.o(.ARM.Collect$$libinit$$00000011) for .ARM.Collect$$libinit$$00000011
    libinit2.o(.ARM.Collect$$libinit$$00000014) refers to libinit2.o(.ARM.Collect$$libinit$$00000011) for .ARM.Collect$$libinit$$00000011
    libinit2.o(.ARM.Collect$$libinit$$00000016) refers to libinit2.o(.ARM.Collect$$libinit$$00000011) for .ARM.Collect$$libinit$$00000011
    libinit2.o(.ARM.Collect$$libinit$$00000018) refers to libinit2.o(.ARM.Collect$$libinit$$00000011) for .ARM.Collect$$libinit$$00000011
    libinit2.o(.ARM.Collect$$libinit$$0000001A) refers to libinit2.o(.ARM.Collect$$libinit$$00000011) for .ARM.Collect$$libinit$$00000011
    libinit2.o(.ARM.Collect$$libinit$$00000028) refers to argv_veneer.o(.emb_text) for __ARM_argv_veneer
    libinit2.o(.ARM.Collect$$libinit$$00000029) refers to argv_veneer.o(.emb_text) for __ARM_argv_veneer
    deqf.o(x$fpl$deqf) refers (Special) to usenofp.o(x$fpl$usenofp) for __I$use$fp
    deqf.o(x$fpl$deqf) refers to dnaninf.o(x$fpl$dnaninf) for __fpl_dnaninf
    deqf.o(x$fpl$deqf) refers to dcmpi.o(x$fpl$dcmpinf) for __fpl_dcmp_Inf
    dgeqf.o(x$fpl$dgeqf) refers (Special) to usenofp.o(x$fpl$usenofp) for __I$use$fp
    dgeqf.o(x$fpl$dgeqf) refers to dnaninf.o(x$fpl$dnaninf) for __fpl_dnaninf
    dgeqf.o(x$fpl$dgeqf) refers to dcmpi.o(x$fpl$dcmpinf) for __fpl_dcmp_Inf
    dleqf.o(x$fpl$dleqf) refers (Special) to usenofp.o(x$fpl$usenofp) for __I$use$fp
    dleqf.o(x$fpl$dleqf) refers to dnaninf.o(x$fpl$dnaninf) for __fpl_dnaninf
    dleqf.o(x$fpl$dleqf) refers to dcmpi.o(x$fpl$dcmpinf) for __fpl_dcmp_Inf
    dnaninf.o(x$fpl$dnaninf) refers (Special) to usenofp.o(x$fpl$usenofp) for __I$use$fp
    dretinf.o(x$fpl$dretinf) refers (Special) to usenofp.o(x$fpl$usenofp) for __I$use$fp
    fnaninf.o(x$fpl$fnaninf) refers (Special) to usenofp.o(x$fpl$usenofp) for __I$use$fp
    fretinf.o(x$fpl$fretinf) refers (Special) to usenofp.o(x$fpl$usenofp) for __I$use$fp
    __rtentry2.o(.ARM.Collect$$rtentry$$00000008) refers to boardinit2.o(.text) for _platform_post_stackheap_init
    __rtentry2.o(.ARM.Collect$$rtentry$$0000000A) refers to libinit.o(.ARM.Collect$$libinit$$00000000) for __rt_lib_init
    __rtentry2.o(.ARM.Collect$$rtentry$$0000000B) refers to boardinit3.o(.text) for _platform_post_lib_init
    __rtentry2.o(.ARM.Collect$$rtentry$$0000000D) refers to sample.o(.text) for main
    __rtentry2.o(.ARM.Collect$$rtentry$$0000000D) refers to exit.o(.text) for exit
    __rtentry2.o(.ARM.exidx) refers to __rtentry2.o(.ARM.Collect$$rtentry$$00000001) for .ARM.Collect$$rtentry$$00000001
    __rtentry2.o(.ARM.exidx) refers to __rtentry2.o(.ARM.Collect$$rtentry$$00000008) for .ARM.Collect$$rtentry$$00000008
    __rtentry2.o(.ARM.exidx) refers to __rtentry2.o(.ARM.Collect$$rtentry$$0000000A) for .ARM.Collect$$rtentry$$0000000A
    __rtentry2.o(.ARM.exidx) refers to __rtentry2.o(.ARM.Collect$$rtentry$$0000000B) for .ARM.Collect$$rtentry$$0000000B
    __rtentry2.o(.ARM.exidx) refers to __rtentry2.o(.ARM.Collect$$rtentry$$0000000D) for .ARM.Collect$$rtentry$$0000000D
    __rtentry4.o(.ARM.Collect$$rtentry$$00000004) refers to sys_stackheap_outer.o(.text) for __user_setup_stackheap
    __rtentry4.o(.ARM.exidx) refers to __rtentry4.o(.ARM.Collect$$rtentry$$00000004) for .ARM.Collect$$rtentry$$00000004
    argv_veneer.o(.emb_text) refers to no_argv.o(.text) for __ARM_get_argv
    dcmpi.o(x$fpl$dcmpinf) refers (Special) to usenofp.o(x$fpl$usenofp) for __I$use$fp
    sys_stackheap_outer.o(.text) refers to libspace.o(.text) for __user_perproc_libspace
    sys_stackheap_outer.o(.text) refers to startup_lpc17xx.o(.text) for __user_initial_stackheap
    exit.o(.text) refers to rtexit.o(.ARM.Collect$$rtexit$$00000000) for __rt_exit
    _get_argv_nomalloc.o(.text) refers (Special) to hrguard.o(.text) for __heap_region$guard
    _get_argv_nomalloc.o(.text) refers to defsig_rtmem_outer.o(.text) for __rt_SIGRTMEM
    _get_argv_nomalloc.o(.text) refers to sys_command.o(.text) for _sys_command_string
    libinit.o(.ARM.Collect$$libinit$$00000000) refers (Special) to libinit2.o(.ARM.Collect$$libinit$$00000030) for __rt_lib_init_alloca_1
    libinit.o(.ARM.Collect$$libinit$$00000000) refers (Special) to libinit2.o(.ARM.Collect$$libinit$$0000002E) for __rt_lib_init_argv_1
    libinit.o(.ARM.Collect$$libinit$$00000000) refers (Special) to libinit2.o(.ARM.Collect$$libinit$$0000001D) for __rt_lib_init_atexit_1
    libinit.o(.ARM.Collect$$libinit$$00000000) refers (Special) to libinit2.o(.ARM.Collect$$libinit$$00000023) for __rt_lib_init_clock_1
    libinit.o(.ARM.Collect$$libinit$$00000000) refers (Special) to libinit2.o(.ARM.Collect$$libinit$$00000034) for __rt_lib_init_cpp_1
    libinit.o(.ARM.Collect$$libinit$$00000000) refers (Special) to libinit2.o(.ARM.Collect$$libinit$$00000032) for __rt_lib_init_exceptions_1
    libinit.o(.ARM.Collect$$libinit$$00000000) refers (Special) to libinit2.o(.ARM.Collect$$libinit$$00000002) for __rt_lib_init_fp_1
    libinit.o(.ARM.Collect$$libinit$$00000000) refers (Special) to libinit2.o(.ARM.Collect$$libinit$$00000021) for __rt_lib_init_fp_trap_1
    libinit.o(.ARM.Collect$$libinit$$00000000) refers (Special) to libinit2.o(.ARM.Collect$$libinit$$00000025) for __rt_lib_init_getenv_1
    libinit.o(.ARM.Collect$$libinit$$00000000) refers (Special) to libinit2.o(.ARM.Collect$$libinit$$0000000C) for __rt_lib_init_heap_1
    libinit.o(.ARM.Collect$$libinit$$00000000) refers (Special) to libinit2.o(.ARM.Collect$$libinit$$00000013) for __rt_lib_init_lc_collate_1
    libinit.o(.ARM.Collect$$libinit$$00000000) refers (Special) to libinit2.o(.ARM.Collect$$libinit$$00000015) for __rt_lib_init_lc_ctype_1
    libinit.o(.ARM.Collect$$libinit$$00000000) refers (Special) to libinit2.o(.ARM.Collect$$libinit$$00000017) for __rt_lib_init_lc_monetary_1
    libinit.o(.ARM.Collect$$libinit$$00000000) refers (Special) to libinit2.o(.ARM.Collect$$libinit$$00000019) for __rt_lib_init_lc_numeric_1
    libinit.o(.ARM.Collect$$libinit$$00000000) refers (Special) to libinit2.o(.ARM.Collect$$libinit$$0000001B) for __rt_lib_init_lc_time_1
    libinit.o(.ARM.Collect$$libinit$$00000000) refers (Special) to libinit2.o(.ARM.Collect$$libinit$$00000006) for __rt_lib_init_preinit_1
    libinit.o(.ARM.Collect$$libinit$$00000000) refers (Special) to libinit2.o(.ARM.Collect$$libinit$$00000010) for __rt_lib_init_rand_1
    libinit.o(.ARM.Collect$$libinit$$00000000) refers (Special) to libinit2.o(.ARM.Collect$$libinit$$00000004) for __rt_lib_init_relocate_pie_1
    libinit.o(.ARM.Collect$$libinit$$00000000) refers (Special) to libinit2.o(.ARM.Collect$$libinit$$00000035) for __rt_lib_init_return
    libinit.o(.ARM.Collect$$libinit$$00000000) refers (Special) to libinit2.o(.ARM.Collect$$libinit$$0000001F) for __rt_lib_init_signal_1
    libinit.o(.ARM.Collect$$libinit$$00000000) refers (Special) to libinit2.o(.ARM.Collect$$libinit$$00000027) for __rt_lib_init_stdio_1
    libinit.o(.ARM.Collect$$libinit$$00000000) refers (Special) to libinit2.o(.ARM.Collect$$libinit$$0000000E) for __rt_lib_init_user_alloc_1
    sys_command.o(.text) refers (Special) to use_no_semi.o(.text) for __I$use$semihosting
    sys_command.o(.text) refers (Special) to indicate_semi.o(.text) for __semihosting_library_function
    sys_command_hlt.o(.text) refers (Special) to use_no_semi.o(.text) for __I$use$semihosting
    sys_command_hlt.o(.text) refers (Special) to indicate_semi.o(.text) for __semihosting_library_function
    libspace.o(.text) refers to libspace.o(.bss) for __libspace_start
    rtexit.o(.ARM.Collect$$rtexit$$00000000) refers (Special) to rtexit2.o(.ARM.Collect$$rtexit$$00000004) for __rt_exit_exit
    rtexit.o(.ARM.Collect$$rtexit$$00000000) refers (Special) to rtexit2.o(.ARM.Collect$$rtexit$$00000003) for __rt_exit_ls
    rtexit.o(.ARM.Collect$$rtexit$$00000000) refers (Special) to rtexit2.o(.ARM.Collect$$rtexit$$00000002) for __rt_exit_prels_1
    rtexit.o(.ARM.exidx) refers (Special) to rtexit2.o(.ARM.Collect$$rtexit$$00000004) for __rt_exit_exit
    rtexit.o(.ARM.exidx) refers (Special) to rtexit2.o(.ARM.Collect$$rtexit$$00000003) for __rt_exit_ls
    rtexit.o(.ARM.exidx) refers (Special) to rtexit2.o(.ARM.Collect$$rtexit$$00000002) for __rt_exit_prels_1
    rtexit.o(.ARM.exidx) refers to rtexit.o(.ARM.Collect$$rtexit$$00000000) for .ARM.Collect$$rtexit$$00000000
    defsig_rtmem_outer.o(.text) refers to defsig_rtmem_inner.o(.text) for __rt_SIGRTMEM_inner
    defsig_rtmem_outer.o(.text) refers to defsig_exit.o(.text) for __sig_exit
    defsig_rtmem_formal.o(.text) refers to rt_raise.o(.text) for __rt_raise
    rtexit2.o(.ARM.Collect$$rtexit$$00000003) refers to libshutdown.o(.ARM.Collect$$libshutdown$$00000000) for __rt_lib_shutdown
    rtexit2.o(.ARM.Collect$$rtexit$$00000004) refers to sys_exit.o(.text) for _sys_exit
    rtexit2.o(.ARM.exidx) refers to rtexit2.o(.ARM.Collect$$rtexit$$00000001) for .ARM.Collect$$rtexit$$00000001
    rtexit2.o(.ARM.exidx) refers to rtexit2.o(.ARM.Collect$$rtexit$$00000003) for .ARM.Collect$$rtexit$$00000003
    rtexit2.o(.ARM.exidx) refers to rtexit2.o(.ARM.Collect$$rtexit$$00000004) for .ARM.Collect$$rtexit$$00000004
    rt_raise.o(.text) refers to __raise.o(.text) for __raise
    rt_raise.o(.text) refers to sys_exit.o(.text) for _sys_exit
    defsig_exit.o(.text) refers to sys_exit.o(.text) for _sys_exit
    defsig_rtmem_inner.o(.text) refers to defsig_general.o(.text) for __default_signal_display
    sys_exit.o(.text) refers (Special) to use_no_semi.o(.text) for __I$use$semihosting
    sys_exit.o(.text) refers (Special) to indicate_semi.o(.text) for __semihosting_library_function
    sys_exit_hlt.o(.text) refers (Special) to use_no_semi.o(.text) for __I$use$semihosting
    sys_exit_hlt.o(.text) refers (Special) to indicate_semi.o(.text) for __semihosting_library_function
    __raise.o(.text) refers to defsig.o(CL$$defsig) for __default_signal_handler
    defsig_general.o(.text) refers to sys_wrch.o(.text) for _ttywrch
    libshutdown.o(.ARM.Collect$$libshutdown$$00000000) refers (Special) to libshutdown2.o(.ARM.Collect$$libshutdown$$00000002) for __rt_lib_shutdown_cpp_1
    libshutdown.o(.ARM.Collect$$libshutdown$$00000000) refers (Special) to libshutdown2.o(.ARM.Collect$$libshutdown$$00000007) for __rt_lib_shutdown_fp_trap_1
    libshutdown.o(.ARM.Collect$$libshutdown$$00000000) refers (Special) to libshutdown2.o(.ARM.Collect$$libshutdown$$0000000F) for __rt_lib_shutdown_heap_1
    libshutdown.o(.ARM.Collect$$libshutdown$$00000000) refers (Special) to libshutdown2.o(.ARM.Collect$$libshutdown$$00000010) for __rt_lib_shutdown_return
    libshutdown.o(.ARM.Collect$$libshutdown$$00000000) refers (Special) to libshutdown2.o(.ARM.Collect$$libshutdown$$0000000A) for __rt_lib_shutdown_signal_1
    libshutdown.o(.ARM.Collect$$libshutdown$$00000000) refers (Special) to libshutdown2.o(.ARM.Collect$$libshutdown$$00000004) for __rt_lib_shutdown_stdio_1
    libshutdown.o(.ARM.Collect$$libshutdown$$00000000) refers (Special) to libshutdown2.o(.ARM.Collect$$libshutdown$$0000000C) for __rt_lib_shutdown_user_alloc_1
    sys_wrch.o(.text) refers (Special) to use_no_semi.o(.text) for __I$use$semihosting
    sys_wrch.o(.text) refers (Special) to indicate_semi.o(.text) for __semihosting_library_function
    sys_wrch_hlt.o(.text) refers (Special) to use_no_semi.o(.text) for __I$use$semihosting
    sys_wrch_hlt.o(.text) refers (Special) to indicate_semi.o(.text) for __semihosting_library_function
    defsig.o(CL$$defsig) refers to defsig_rtmem_inner.o(.text) for __rt_SIGRTMEM_inner
    defsig_abrt_inner.o(.text) refers to defsig_general.o(.text) for __default_signal_display
    defsig_fpe_inner.o(.text) refers to defsig_general.o(.text) for __default_signal_display
    defsig_rtred_inner.o(.text) refers to defsig_general.o(.text) for __default_signal_display
    defsig_stak_inner.o(.text) refers to defsig_general.o(.text) for __default_signal_display
    defsig_pvfn_inner.o(.text) refers to defsig_general.o(.text) for __default_signal_display
    defsig_cppl_inner.o(.text) refers to defsig_general.o(.text) for __default_signal_display
    defsig_segv_inner.o(.text) refers to defsig_general.o(.text) for __default_signal_display
    defsig_other.o(.text) refers to defsig_general.o(.text) for __default_signal_display


==============================================================================

Removing Unused input sections from the image.

    Removing sample.o(.ARM.exidx), (8 bytes).
    Removing sample.o(.ARM.use_no_argv), (4 bytes).
    Removing functions.o(.text), (60 bytes).
    Removing functions.o(.ARM.exidx), (16 bytes).
    Removing utils.o(.text), (0 bytes).
    Removing game.o(.ARM.exidx), (120 bytes).
    Removing system_lpc17xx.o(.ARM.exidx), (8 bytes).
    Removing funct_led.o(.ARM.exidx), (56 bytes).
    Removing lib_led.o(.text), (70 bytes).
    Removing lib_led.o(.ARM.exidx), (16 bytes).
    Removing irq_button.o(.ARM.exidx), (24 bytes).
    Removing lib_button.o(.ARM.exidx), (8 bytes).
    Removing irq_rit.o(.ARM.exidx), (8 bytes).
    Removing irq_rit.o(.bss.J_up_left), (4 bytes).
    Removing irq_rit.o(.bss.J_up_right), (4 bytes).
    Removing irq_rit.o(.bss.J_down_left), (4 bytes).
    Removing irq_rit.o(.bss.J_down_right), (4 bytes).
    Removing irq_rit.o(.rodata.long_press_count_1), (4 bytes).
    Removing lib_rit.o(.ARM.exidx), (40 bytes).
    Removing lib_joystick.o(.ARM.exidx), (8 bytes).
    Removing asm_functs.o(asm_functions), (704 bytes).
    Removing irq_timer.o(.ARM.exidx), (32 bytes).
    Removing lib_timer.o(.ARM.exidx), (80 bytes).
    Removing asciilib.o(.ARM.exidx), (8 bytes).
    Removing glcd.o(.ARM.exidx), (96 bytes).
    Removing hzlib.o(.text), (68 bytes).
    Removing hzlib.o(.ARM.exidx), (8 bytes).
    Removing hzlib.o(.rodata.HzLib), (216576 bytes).
    Removing touchpanel.o(.text), (2308 bytes).
    Removing touchpanel.o(.ARM.exidx), (96 bytes).
    Removing touchpanel.o(.data.DisplaySample), (12 bytes).
    Removing touchpanel.o(.bss.Read_Ads7846.screen), (4 bytes).
    Removing touchpanel.o(.bss.ScreenSample), (12 bytes).
    Removing touchpanel.o(.bss.matrix), (56 bytes).
    Removing touchpanel.o(.bss.display), (4 bytes).
    Removing irq_adc.o(.ARM.exidx), (8 bytes).
    Removing lib_adc.o(.ARM.exidx), (16 bytes).
    Removing music.o(.ARM.exidx), (56 bytes).

38 unused section(s) (total 220610 bytes) removed from the image.

==============================================================================

Image Symbol Table

    Local Symbols

    Symbol Name                              Value     Ov Type        Size  Object(Section)

    ../clib/angel/boardlib.s                 0x00000000   Number         0  boardinit1.o ABSOLUTE
    ../clib/angel/boardlib.s                 0x00000000   Number         0  boardinit2.o ABSOLUTE
    ../clib/angel/boardlib.s                 0x00000000   Number         0  boardinit3.o ABSOLUTE
    ../clib/angel/boardlib.s                 0x00000000   Number         0  boardshut.o ABSOLUTE
    ../clib/angel/dczerorl2.s                0x00000000   Number         0  __dczerorl2.o ABSOLUTE
    ../clib/angel/handlers.s                 0x00000000   Number         0  __scatter_zi.o ABSOLUTE
    ../clib/angel/kernel.s                   0x00000000   Number         0  __rtentry.o ABSOLUTE
    ../clib/angel/kernel.s                   0x00000000   Number         0  __rtentry2.o ABSOLUTE
    ../clib/angel/kernel.s                   0x00000000   Number         0  __rtentry4.o ABSOLUTE
    ../clib/angel/kernel.s                   0x00000000   Number         0  rtexit.o ABSOLUTE
    ../clib/angel/kernel.s                   0x00000000   Number         0  rtexit2.o ABSOLUTE
    ../clib/angel/rt.s                       0x00000000   Number         0  rt_raise.o ABSOLUTE
    ../clib/angel/scatter.s                  0x00000000   Number         0  __scatter.o ABSOLUTE
    ../clib/angel/startup.s                  0x00000000   Number         0  __main.o ABSOLUTE
    ../clib/angel/sys.s                      0x00000000   Number         0  sys_stackheap_outer.o ABSOLUTE
    ../clib/angel/sys.s                      0x00000000   Number         0  libspace.o ABSOLUTE
    ../clib/angel/sys.s                      0x00000000   Number         0  use_no_semi.o ABSOLUTE
    ../clib/angel/sys.s                      0x00000000   Number         0  indicate_semi.o ABSOLUTE
    ../clib/angel/sysapp.c                   0x00000000   Number         0  sys_command.o ABSOLUTE
    ../clib/angel/sysapp.c                   0x00000000   Number         0  sys_command_hlt.o ABSOLUTE
    ../clib/angel/sysapp.c                   0x00000000   Number         0  sys_exit.o ABSOLUTE
    ../clib/angel/sysapp.c                   0x00000000   Number         0  sys_exit_hlt.o ABSOLUTE
    ../clib/angel/sysapp.c                   0x00000000   Number         0  sys_wrch.o ABSOLUTE
    ../clib/angel/sysapp.c                   0x00000000   Number         0  sys_wrch_hlt.o ABSOLUTE
    ../clib/armsys.c                         0x00000000   Number         0  argv_veneer.o ABSOLUTE
    ../clib/armsys.c                         0x00000000   Number         0  argv_veneer.o ABSOLUTE
    ../clib/armsys.c                         0x00000000   Number         0  _get_argv_nomalloc.o ABSOLUTE
    ../clib/armsys.c                         0x00000000   Number         0  no_argv.o ABSOLUTE
    ../clib/heapalloc.c                      0x00000000   Number         0  hrguard.o ABSOLUTE
    ../clib/heapaux.c                        0x00000000   Number         0  heapauxi.o ABSOLUTE
    ../clib/libinit.s                        0x00000000   Number         0  libinit2.o ABSOLUTE
    ../clib/libinit.s                        0x00000000   Number         0  libinit.o ABSOLUTE
    ../clib/libinit.s                        0x00000000   Number         0  libshutdown.o ABSOLUTE
    ../clib/libinit.s                        0x00000000   Number         0  libshutdown2.o ABSOLUTE
    ../clib/memcpset.s                       0x00000000   Number         0  rt_memcpy_v6.o ABSOLUTE
    ../clib/memcpset.s                       0x00000000   Number         0  rt_memmove_v6.o ABSOLUTE
    ../clib/memcpset.s                       0x00000000   Number         0  rt_memmove_w.o ABSOLUTE
    ../clib/memcpset.s                       0x00000000   Number         0  rt_memclr_w.o ABSOLUTE
    ../clib/memcpset.s                       0x00000000   Number         0  rt_memcpy_w.o ABSOLUTE
    ../clib/printf.c                         0x00000000   Number         0  __2sprintf.o ABSOLUTE
    ../clib/printf.c                         0x00000000   Number         0  noretval__2sprintf.o ABSOLUTE
    ../clib/printf.c                         0x00000000   Number         0  __printf.o ABSOLUTE
    ../clib/printf.c                         0x00000000   Number         0  _printf_dec.o ABSOLUTE
    ../clib/printf.c                         0x00000000   Number         0  __printf_flags.o ABSOLUTE
    ../clib/printf.c                         0x00000000   Number         0  __printf_ss.o ABSOLUTE
    ../clib/printf.c                         0x00000000   Number         0  __printf_flags_ss.o ABSOLUTE
    ../clib/printf.c                         0x00000000   Number         0  __printf_wp.o ABSOLUTE
    ../clib/printf.c                         0x00000000   Number         0  __printf_flags_wp.o ABSOLUTE
    ../clib/printf.c                         0x00000000   Number         0  __printf_ss_wp.o ABSOLUTE
    ../clib/printf.c                         0x00000000   Number         0  __printf_flags_ss_wp.o ABSOLUTE
    ../clib/printf.c                         0x00000000   Number         0  _printf_intcommon.o ABSOLUTE
    ../clib/printf.c                         0x00000000   Number         0  _printf_char_common.o ABSOLUTE
    ../clib/printf.c                         0x00000000   Number         0  _sputc.o ABSOLUTE
    ../clib/printf.c                         0x00000000   Number         0  __printf_nopercent.o ABSOLUTE
    ../clib/printf_percent.s                 0x00000000   Number         0  _printf_d.o ABSOLUTE
    ../clib/printf_percent.s                 0x00000000   Number         0  _printf_percent.o ABSOLUTE
    ../clib/printf_percent.s                 0x00000000   Number         0  _printf_percent_end.o ABSOLUTE
    ../clib/signal.c                         0x00000000   Number         0  defsig_rtmem_outer.o ABSOLUTE
    ../clib/signal.c                         0x00000000   Number         0  defsig_rtmem_formal.o ABSOLUTE
    ../clib/signal.c                         0x00000000   Number         0  defsig_exit.o ABSOLUTE
    ../clib/signal.c                         0x00000000   Number         0  defsig_rtmem_inner.o ABSOLUTE
    ../clib/signal.c                         0x00000000   Number         0  __raise.o ABSOLUTE
    ../clib/signal.c                         0x00000000   Number         0  defsig_general.o ABSOLUTE
    ../clib/signal.c                         0x00000000   Number         0  defsig_abrt_inner.o ABSOLUTE
    ../clib/signal.c                         0x00000000   Number         0  defsig_fpe_inner.o ABSOLUTE
    ../clib/signal.c                         0x00000000   Number         0  defsig_rtred_inner.o ABSOLUTE
    ../clib/signal.c                         0x00000000   Number         0  defsig_stak_inner.o ABSOLUTE
    ../clib/signal.c                         0x00000000   Number         0  defsig_pvfn_inner.o ABSOLUTE
    ../clib/signal.c                         0x00000000   Number         0  defsig_cppl_inner.o ABSOLUTE
    ../clib/signal.c                         0x00000000   Number         0  defsig_segv_inner.o ABSOLUTE
    ../clib/signal.c                         0x00000000   Number         0  defsig_other.o ABSOLUTE
    ../clib/signal.s                         0x00000000   Number         0  defsig.o ABSOLUTE
    ../clib/stdlib.c                         0x00000000   Number         0  rand.o ABSOLUTE
    ../clib/stdlib.c                         0x00000000   Number         0  rand.o ABSOLUTE
    ../clib/stdlib.c                         0x00000000   Number         0  exit.o ABSOLUTE
    ../fplib/daddsub.s                       0x00000000   Number         0  daddsub_clz.o ABSOLUTE
    ../fplib/dcmp.s                          0x00000000   Number         0  dcmp.o ABSOLUTE
    ../fplib/dcmpi.s                         0x00000000   Number         0  dcmpi.o ABSOLUTE
    ../fplib/ddiv.s                          0x00000000   Number         0  ddiv.o ABSOLUTE
    ../fplib/deqf.s                          0x00000000   Number         0  deqf.o ABSOLUTE
    ../fplib/dfix.s                          0x00000000   Number         0  dfix.o ABSOLUTE
    ../fplib/dflt.s                          0x00000000   Number         0  dflt_clz.o ABSOLUTE
    ../fplib/dgeqf.s                         0x00000000   Number         0  dgeqf.o ABSOLUTE
    ../fplib/dleqf.s                         0x00000000   Number         0  dleqf.o ABSOLUTE
    ../fplib/dmul.s                          0x00000000   Number         0  dmul.o ABSOLUTE
    ../fplib/dnaninf.s                       0x00000000   Number         0  dnaninf.o ABSOLUTE
    ../fplib/dretinf.s                       0x00000000   Number         0  dretinf.o ABSOLUTE
    ../fplib/fdiv.s                          0x00000000   Number         0  fdiv.o ABSOLUTE
    ../fplib/fflt.s                          0x00000000   Number         0  fflt_clz.o ABSOLUTE
    ../fplib/fnaninf.s                       0x00000000   Number         0  fnaninf.o ABSOLUTE
    ../fplib/fpinit.s                        0x00000000   Number         0  fpinit.o ABSOLUTE
    ../fplib/fpinit_empty.s                  0x00000000   Number         0  fpinit_empty.o ABSOLUTE
    ../fplib/fretinf.s                       0x00000000   Number         0  fretinf.o ABSOLUTE
    ../fplib/usenofp.s                       0x00000000   Number         0  usenofp.o ABSOLUTE
    AsciiLib.c                               0x00000000   Number         0  asciilib.o ABSOLUTE
    GLCD.c                                   0x00000000   Number         0  glcd.o ABSOLUTE
    HzLib.c                                  0x00000000   Number         0  hzlib.o ABSOLUTE
    IRQ_RIT.c                                0x00000000   Number         0  irq_rit.o ABSOLUTE
    IRQ_adc.c                                0x00000000   Number         0  irq_adc.o ABSOLUTE
    IRQ_button.c                             0x00000000   Number         0  irq_button.o ABSOLUTE
    IRQ_timer.c                              0x00000000   Number         0  irq_timer.o ABSOLUTE
    Source\ASM\ASM_functs.s                  0x00000000   Number         0  asm_functs.o ABSOLUTE
    Source\startup_LPC17xx.s                 0x00000000   Number         0  startup_lpc17xx.o ABSOLUTE
    TouchPanel.c                             0x00000000   Number         0  touchpanel.o ABSOLUTE
    dc.s                                     0x00000000   Number         0  dc.o ABSOLUTE
    funct_led.c                              0x00000000   Number         0  funct_led.o ABSOLUTE
    functions.c                              0x00000000   Number         0  functions.o ABSOLUTE
    game.c                                   0x00000000   Number         0  game.o ABSOLUTE
    lib_RIT.c                                0x00000000   Number         0  lib_rit.o ABSOLUTE
    lib_adc.c                                0x00000000   Number         0  lib_adc.o ABSOLUTE
    lib_button.c                             0x00000000   Number         0  lib_button.o ABSOLUTE
    lib_joystick.c                           0x00000000   Number         0  lib_joystick.o ABSOLUTE
    lib_led.c                                0x00000000   Number         0  lib_led.o ABSOLUTE
    lib_timer.c                              0x00000000   Number         0  lib_timer.o ABSOLUTE
    music.c                                  0x00000000   Number         0  music.o ABSOLUTE
    sample.c                                 0x00000000   Number         0  sample.o ABSOLUTE
    system_LPC17xx.c                         0x00000000   Number         0  system_lpc17xx.o ABSOLUTE
    utils.c                                  0x00000000   Number         0  utils.o ABSOLUTE
    RESET                                    0x00000000   Section      204  startup_lpc17xx.o(RESET)
    !!!main                                  0x000000cc   Section        8  __main.o(!!!main)
    !!!scatter                               0x000000d4   Section       92  __scatter.o(!!!scatter)
    !!dczerorl2                              0x00000130   Section       90  __dczerorl2.o(!!dczerorl2)
    !!handler_null                           0x0000018c   Section        2  __scatter.o(!!handler_null)
    !!handler_zi                             0x00000190   Section       28  __scatter_zi.o(!!handler_zi)
    .ARM.Collect$$_printf_percent$$00000000  0x000001ac   Section        0  _printf_percent.o(.ARM.Collect$$_printf_percent$$00000000)
    .ARM.Collect$$_printf_percent$$00000009  0x000001ac   Section        6  _printf_d.o(.ARM.Collect$$_printf_percent$$00000009)
    .ARM.Collect$$_printf_percent$$00000017  0x000001b2   Section        4  _printf_percent_end.o(.ARM.Collect$$_printf_percent$$00000017)
    .ARM.Collect$$libinit$$00000000          0x000001b6   Section        2  libinit.o(.ARM.Collect$$libinit$$00000000)
    .ARM.Collect$$libinit$$00000002          0x000001b8   Section        0  libinit2.o(.ARM.Collect$$libinit$$00000002)
    .ARM.Collect$$libinit$$00000004          0x000001b8   Section        0  libinit2.o(.ARM.Collect$$libinit$$00000004)
    .ARM.Collect$$libinit$$00000006          0x000001b8   Section        0  libinit2.o(.ARM.Collect$$libinit$$00000006)
    .ARM.Collect$$libinit$$0000000C          0x000001b8   Section        0  libinit2.o(.ARM.Collect$$libinit$$0000000C)
    .ARM.Collect$$libinit$$0000000E          0x000001b8   Section        0  libinit2.o(.ARM.Collect$$libinit$$0000000E)
    .ARM.Collect$$libinit$$0000000F          0x000001b8   Section        4  libinit2.o(.ARM.Collect$$libinit$$0000000F)
    .ARM.Collect$$libinit$$00000010          0x000001bc   Section        0  libinit2.o(.ARM.Collect$$libinit$$00000010)
    .ARM.Collect$$libinit$$00000013          0x000001bc   Section        0  libinit2.o(.ARM.Collect$$libinit$$00000013)
    .ARM.Collect$$libinit$$00000015          0x000001bc   Section        0  libinit2.o(.ARM.Collect$$libinit$$00000015)
    .ARM.Collect$$libinit$$00000017          0x000001bc   Section        0  libinit2.o(.ARM.Collect$$libinit$$00000017)
    .ARM.Collect$$libinit$$00000019          0x000001bc   Section        0  libinit2.o(.ARM.Collect$$libinit$$00000019)
    .ARM.Collect$$libinit$$0000001B          0x000001bc   Section        0  libinit2.o(.ARM.Collect$$libinit$$0000001B)
    .ARM.Collect$$libinit$$0000001D          0x000001bc   Section        0  libinit2.o(.ARM.Collect$$libinit$$0000001D)
    .ARM.Collect$$libinit$$0000001F          0x000001bc   Section        0  libinit2.o(.ARM.Collect$$libinit$$0000001F)
    .ARM.Collect$$libinit$$00000021          0x000001bc   Section        0  libinit2.o(.ARM.Collect$$libinit$$00000021)
    .ARM.Collect$$libinit$$00000023          0x000001bc   Section        0  libinit2.o(.ARM.Collect$$libinit$$00000023)
    .ARM.Collect$$libinit$$00000025          0x000001bc   Section        0  libinit2.o(.ARM.Collect$$libinit$$00000025)
    .ARM.Collect$$libinit$$00000027          0x000001bc   Section        0  libinit2.o(.ARM.Collect$$libinit$$00000027)
    .ARM.Collect$$libinit$$0000002E          0x000001bc   Section        0  libinit2.o(.ARM.Collect$$libinit$$0000002E)
    .ARM.Collect$$libinit$$00000030          0x000001bc   Section        0  libinit2.o(.ARM.Collect$$libinit$$00000030)
    .ARM.Collect$$libinit$$00000032          0x000001bc   Section        0  libinit2.o(.ARM.Collect$$libinit$$00000032)
    .ARM.Collect$$libinit$$00000034          0x000001bc   Section        0  libinit2.o(.ARM.Collect$$libinit$$00000034)
    .ARM.Collect$$libinit$$00000035          0x000001bc   Section        2  libinit2.o(.ARM.Collect$$libinit$$00000035)
    .ARM.Collect$$libshutdown$$00000000      0x000001be   Section        2  libshutdown.o(.ARM.Collect$$libshutdown$$00000000)
    .ARM.Collect$$libshutdown$$00000002      0x000001c0   Section        0  libshutdown2.o(.ARM.Collect$$libshutdown$$00000002)
    .ARM.Collect$$libshutdown$$00000004      0x000001c0   Section        0  libshutdown2.o(.ARM.Collect$$libshutdown$$00000004)
    .ARM.Collect$$libshutdown$$00000007      0x000001c0   Section        0  libshutdown2.o(.ARM.Collect$$libshutdown$$00000007)
    .ARM.Collect$$libshutdown$$0000000A      0x000001c0   Section        0  libshutdown2.o(.ARM.Collect$$libshutdown$$0000000A)
    .ARM.Collect$$libshutdown$$0000000C      0x000001c0   Section        0  libshutdown2.o(.ARM.Collect$$libshutdown$$0000000C)
    .ARM.Collect$$libshutdown$$0000000F      0x000001c0   Section        0  libshutdown2.o(.ARM.Collect$$libshutdown$$0000000F)
    .ARM.Collect$$libshutdown$$00000010      0x000001c0   Section        2  libshutdown2.o(.ARM.Collect$$libshutdown$$00000010)
    .ARM.Collect$$rtentry$$00000000          0x000001c2   Section        0  __rtentry.o(.ARM.Collect$$rtentry$$00000000)
    .ARM.Collect$$rtentry$$00000002          0x000001c2   Section        0  __rtentry2.o(.ARM.Collect$$rtentry$$00000002)
    .ARM.Collect$$rtentry$$00000004          0x000001c2   Section        6  __rtentry4.o(.ARM.Collect$$rtentry$$00000004)
    .ARM.Collect$$rtentry$$00000009          0x000001c8   Section        0  __rtentry2.o(.ARM.Collect$$rtentry$$00000009)
    .ARM.Collect$$rtentry$$0000000A          0x000001c8   Section        4  __rtentry2.o(.ARM.Collect$$rtentry$$0000000A)
    .ARM.Collect$$rtentry$$0000000C          0x000001cc   Section        0  __rtentry2.o(.ARM.Collect$$rtentry$$0000000C)
    .ARM.Collect$$rtentry$$0000000D          0x000001cc   Section        8  __rtentry2.o(.ARM.Collect$$rtentry$$0000000D)
    .ARM.Collect$$rtexit$$00000000           0x000001d4   Section        2  rtexit.o(.ARM.Collect$$rtexit$$00000000)
    .ARM.Collect$$rtexit$$00000002           0x000001d6   Section        0  rtexit2.o(.ARM.Collect$$rtexit$$00000002)
    .ARM.Collect$$rtexit$$00000003           0x000001d6   Section        4  rtexit2.o(.ARM.Collect$$rtexit$$00000003)
    .ARM.Collect$$rtexit$$00000004           0x000001da   Section        6  rtexit2.o(.ARM.Collect$$rtexit$$00000004)
    .emb_text                                0x000001e0   Section       52  rand.o(.emb_text)
    .text                                    0x00000214   Section       56  startup_lpc17xx.o(.text)
    [Anonymous Symbol]                       0x0000024c   Section        0  lib_button.o(.text)
    .text                                    0x000002c8   Section        0  noretval__2sprintf.o(.text)
    .text                                    0x000002f0   Section        0  heapauxi.o(.text)
    .text                                    0x000002f6   Section        2  use_no_semi.o(.text)
    .text                                    0x000002f8   Section        0  indicate_semi.o(.text)
    x$fpl$usenofp                            0x000002f8   Section        0  usenofp.o(x$fpl$usenofp)
    .ARM.__at_0x02FC                         0x000002fc   Section        4  startup_lpc17xx.o(.ARM.__at_0x02FC)
    [Anonymous Symbol]                       0x00000300   Section        0  sample.o(.text)
    [Anonymous Symbol]                       0x000003cc   Section        0  game.o(.text)
    [Anonymous Symbol]                       0x00001ab4   Section        0  system_lpc17xx.o(.text)
    [Anonymous Symbol]                       0x00001be4   Section        0  funct_led.o(.text)
    [Anonymous Symbol]                       0x00001da0   Section        0  irq_button.o(.text)
    [Anonymous Symbol]                       0x00001e6c   Section        0  irq_rit.o(.text)
    [Anonymous Symbol]                       0x00001fe8   Section        0  lib_rit.o(.text)
    [Anonymous Symbol]                       0x00002074   Section        0  lib_joystick.o(.text)
    [Anonymous Symbol]                       0x000020d8   Section        0  irq_timer.o(.text)
    [Anonymous Symbol]                       0x00002160   Section        0  lib_timer.o(.text)
    [Anonymous Symbol]                       0x00002464   Section        0  asciilib.o(.text)
    [Anonymous Symbol]                       0x000024a0   Section        0  glcd.o(.text)
    LCD_Configuration                        0x000053ad   Thumb Code    32  glcd.o(.text)
    delay_ms                                 0x000053cd   Thumb Code    82  glcd.o(.text)
    LCD_SetCursor                            0x00005c0d   Thumb Code  1932  glcd.o(.text)
    LCD_BGR2RGB                              0x000068c5   Thumb Code    72  glcd.o(.text)
    wait_delay                               0x00006ddd   Thumb Code    22  glcd.o(.text)
    [Anonymous Symbol]                       0x00006df4   Section        0  irq_adc.o(.text)
    [Anonymous Symbol]                       0x00006e50   Section        0  lib_adc.o(.text)
    [Anonymous Symbol]                       0x00006eac   Section        0  music.o(.text)
    .text                                    0x0000714a   Section        0  __printf.o(.text)
    .text                                    0x000071b4   Section        0  _printf_dec.o(.text)
    .text                                    0x0000722c   Section        0  rand.o(.text)
    .text                                    0x00007268   Section      138  rt_memcpy_v6.o(.text)
    .text                                    0x000072f2   Section      132  rt_memmove_v6.o(.text)
    .text                                    0x00007376   Section      122  rt_memmove_w.o(.text)
    .text                                    0x000073f0   Section       78  rt_memclr_w.o(.text)
    .text                                    0x0000743e   Section        0  _printf_intcommon.o(.text)
    _printf_input_char                       0x000074f1   Thumb Code    10  _printf_char_common.o(.text)
    .text                                    0x000074f0   Section        0  _printf_char_common.o(.text)
    .text                                    0x00007520   Section        0  _sputc.o(.text)
    .text                                    0x0000752a   Section      100  rt_memcpy_w.o(.text)
    .text                                    0x0000758e   Section       74  sys_stackheap_outer.o(.text)
    .text                                    0x000075d8   Section        0  exit.o(.text)
    .text                                    0x000075ec   Section        8  libspace.o(.text)
    .text                                    0x000075f4   Section        0  sys_exit.o(.text)
    _fdiv1                                   0x00007601   Thumb Code     0  fdiv.o(x$fpl$fdiv)
    x$fpl$fdiv                               0x00007600   Section      388  fdiv.o(x$fpl$fdiv)
    x$fpl$ffltu                              0x00007784   Section       38  fflt_clz.o(x$fpl$ffltu)
    x$fpl$fnaninf                            0x000077aa   Section      140  fnaninf.o(x$fpl$fnaninf)
    x$fpl$fretinf                            0x00007836   Section       10  fretinf.o(x$fpl$fretinf)
    AsciiLib                                 0x00007840   Data        1520  asciilib.o(.rodata.AsciiLib)
    [Anonymous Symbol]                       0x00007840   Section        0  asciilib.o(.rodata.AsciiLib)
    .L.str.5                                 0x00007f40   Data          12  game.o(.rodata.str1.1)
    [Anonymous Symbol]                       0x00007f40   Section        0  game.o(.rodata.str1.1)
    .L.str.4                                 0x00007f4c   Data           7  game.o(.rodata.str1.1)
    .L.str.9                                 0x00007f53   Data           3  game.o(.rodata.str1.1)
    spawn_random_powerup.occupied_blocks     0x10000000   Data        1600  game.o(.bss.spawn_random_powerup.occupied_blocks)
    [Anonymous Symbol]                       0x10000000   Section        0  game.o(.bss.spawn_random_powerup.occupied_blocks)
    Stack_Mem                                0x10000640   Data        4096  startup_lpc17xx.o(STACK)
    STACK                                    0x10000640   Section     4096  startup_lpc17xx.o(STACK)
    __initial_sp                             0x10001640   Data           0  startup_lpc17xx.o(STACK)
    .bss                                     0x2007c170   Section      228  rand.o(.bss)
    .bss                                     0x2007c254   Section       96  libspace.o(.bss)
    LCD_Code                                 0x2007c2cc   Data           1  glcd.o(.bss.LCD_Code)
    [Anonymous Symbol]                       0x2007c2cc   Section        0  glcd.o(.bss.LCD_Code)
    TIMER2_IRQHandler.speaker_state          0x2007c2d0   Data           1  irq_timer.o(.bss.TIMER2_IRQHandler.speaker_state)
    [Anonymous Symbol]                       0x2007c2d0   Section        0  irq_timer.o(.bss.TIMER2_IRQHandler.speaker_state)
    current_note_index                       0x2007c55c   Data           4  music.o(.bss.current_note_index)
    [Anonymous Symbol]                       0x2007c55c   Section        0  music.o(.bss.current_note_index)
    drop_ticks                               0x2007c56c   Data           4  game.o(.bss.drop_ticks)
    [Anonymous Symbol]                       0x2007c56c   Section        0  game.o(.bss.drop_ticks)
    is_playing                               0x2007c578   Data           4  music.o(.bss.is_playing)
    [Anonymous Symbol]                       0x2007c578   Section        0  music.o(.bss.is_playing)
    sfx_active                               0x2007c5bc   Data           4  music.o(.bss.sfx_active)
    [Anonymous Symbol]                       0x2007c5bc   Section        0  music.o(.bss.sfx_active)
    sfx_note_index                           0x2007c5c0   Data           4  music.o(.bss.sfx_note_index)
    [Anonymous Symbol]                       0x2007c5c0   Section        0  music.o(.bss.sfx_note_index)
    Heap_Mem                                 0x2007c5d8   Data        4096  startup_lpc17xx.o(HEAP)
    HEAP                                     0x2007c5d8   Section     4096  startup_lpc17xx.o(HEAP)

    Global Symbols

    Symbol Name                              Value     Ov Type        Size  Object(Section)

    BuildAttributes$$THM_ISAv4$P$D$K$B$S$PE$A:L22UL41UL21$X:L11$S22US41US21$IEEE1$IW$~IW$USESV6$~STKCKD$USESV7$~SHL$OTIME$ROPI$EBA8$UX$STANDARDLIB$REQ8$EABIv2 0x00000000   Number         0  anon$$obj.o ABSOLUTE
    __Vectors                                0x00000000   Data           4  startup_lpc17xx.o(RESET)
    __fp_init_empty                          0x00000000   Number         0  fpinit_empty.o ABSOLUTE
    __ARM_exceptions_init                     - Undefined Weak Reference
    __alloca_initialize                       - Undefined Weak Reference
    __arm_preinit_                            - Undefined Weak Reference
    __arm_relocate_pie_                       - Undefined Weak Reference
    __cpp_initialize__aeabi_                  - Undefined Weak Reference
    __cxa_finalize                            - Undefined Weak Reference
    __rt_locale                               - Undefined Weak Reference
    __sigvec_lookup                           - Undefined Weak Reference
    _atexit_init                              - Undefined Weak Reference
    _call_atexit_fns                          - Undefined Weak Reference
    _clock_init                               - Undefined Weak Reference
    _fp_trap_init                             - Undefined Weak Reference
    _fp_trap_shutdown                         - Undefined Weak Reference
    _get_lc_collate                           - Undefined Weak Reference
    _get_lc_ctype                             - Undefined Weak Reference
    _get_lc_monetary                          - Undefined Weak Reference
    _get_lc_numeric                           - Undefined Weak Reference
    _get_lc_time                              - Undefined Weak Reference
    _getenv_init                              - Undefined Weak Reference
    _handle_redirection                       - Undefined Weak Reference
    _init_alloc                               - Undefined Weak Reference
    _init_user_alloc                          - Undefined Weak Reference
    _initio                                   - Undefined Weak Reference
    _printf_post_padding                      - Undefined Weak Reference
    _printf_pre_padding                       - Undefined Weak Reference
    _printf_truncate_signed                   - Undefined Weak Reference
    _printf_truncate_unsigned                 - Undefined Weak Reference
    _signal_finish                            - Undefined Weak Reference
    _signal_init                              - Undefined Weak Reference
    _terminate_alloc                          - Undefined Weak Reference
    _terminate_user_alloc                     - Undefined Weak Reference
    _terminateio                              - Undefined Weak Reference
    __main                                   0x000000cd   Thumb Code     8  __main.o(!!!main)
    __scatterload                            0x000000d5   Thumb Code     0  __scatter.o(!!!scatter)
    __scatterload_rt2                        0x000000d5   Thumb Code    84  __scatter.o(!!!scatter)
    __scatterload_rt2_thumb_only             0x000000d5   Thumb Code     0  __scatter.o(!!!scatter)
    __scatterload_loop                       0x000000df   Thumb Code     0  __scatter.o(!!!scatter)
    __decompress                             0x00000131   Thumb Code    90  __dczerorl2.o(!!dczerorl2)
    __decompress1                            0x00000131   Thumb Code     0  __dczerorl2.o(!!dczerorl2)
    __scatterload_null                       0x0000018d   Thumb Code     2  __scatter.o(!!handler_null)
    __scatterload_zeroinit                   0x00000191   Thumb Code    28  __scatter_zi.o(!!handler_zi)
    _printf_d                                0x000001ad   Thumb Code     0  _printf_d.o(.ARM.Collect$$_printf_percent$$00000009)
    _printf_percent                          0x000001ad   Thumb Code     0  _printf_percent.o(.ARM.Collect$$_printf_percent$$00000000)
    _printf_percent_end                      0x000001b3   Thumb Code     0  _printf_percent_end.o(.ARM.Collect$$_printf_percent$$00000017)
    __rt_lib_init                            0x000001b7   Thumb Code     0  libinit.o(.ARM.Collect$$libinit$$00000000)
    __rt_lib_init_fp_1                       0x000001b9   Thumb Code     0  libinit2.o(.ARM.Collect$$libinit$$00000002)
    __rt_lib_init_heap_1                     0x000001b9   Thumb Code     0  libinit2.o(.ARM.Collect$$libinit$$0000000C)
    __rt_lib_init_preinit_1                  0x000001b9   Thumb Code     0  libinit2.o(.ARM.Collect$$libinit$$00000006)
    __rt_lib_init_rand_2                     0x000001b9   Thumb Code     0  libinit2.o(.ARM.Collect$$libinit$$0000000F)
    __rt_lib_init_relocate_pie_1             0x000001b9   Thumb Code     0  libinit2.o(.ARM.Collect$$libinit$$00000004)
    __rt_lib_init_user_alloc_1               0x000001b9   Thumb Code     0  libinit2.o(.ARM.Collect$$libinit$$0000000E)
    __rt_lib_init_alloca_1                   0x000001bd   Thumb Code     0  libinit2.o(.ARM.Collect$$libinit$$00000030)
    __rt_lib_init_argv_1                     0x000001bd   Thumb Code     0  libinit2.o(.ARM.Collect$$libinit$$0000002E)
    __rt_lib_init_atexit_1                   0x000001bd   Thumb Code     0  libinit2.o(.ARM.Collect$$libinit$$0000001D)
    __rt_lib_init_clock_1                    0x000001bd   Thumb Code     0  libinit2.o(.ARM.Collect$$libinit$$00000023)
    __rt_lib_init_cpp_1                      0x000001bd   Thumb Code     0  libinit2.o(.ARM.Collect$$libinit$$00000034)
    __rt_lib_init_exceptions_1               0x000001bd   Thumb Code     0  libinit2.o(.ARM.Collect$$libinit$$00000032)
    __rt_lib_init_fp_trap_1                  0x000001bd   Thumb Code     0  libinit2.o(.ARM.Collect$$libinit$$00000021)
    __rt_lib_init_getenv_1                   0x000001bd   Thumb Code     0  libinit2.o(.ARM.Collect$$libinit$$00000025)
    __rt_lib_init_lc_collate_1               0x000001bd   Thumb Code     0  libinit2.o(.ARM.Collect$$libinit$$00000013)
    __rt_lib_init_lc_ctype_1                 0x000001bd   Thumb Code     0  libinit2.o(.ARM.Collect$$libinit$$00000015)
    __rt_lib_init_lc_monetary_1              0x000001bd   Thumb Code     0  libinit2.o(.ARM.Collect$$libinit$$00000017)
    __rt_lib_init_lc_numeric_1               0x000001bd   Thumb Code     0  libinit2.o(.ARM.Collect$$libinit$$00000019)
    __rt_lib_init_lc_time_1                  0x000001bd   Thumb Code     0  libinit2.o(.ARM.Collect$$libinit$$0000001B)
    __rt_lib_init_rand_1                     0x000001bd   Thumb Code     0  libinit2.o(.ARM.Collect$$libinit$$00000010)
    __rt_lib_init_return                     0x000001bd   Thumb Code     0  libinit2.o(.ARM.Collect$$libinit$$00000035)
    __rt_lib_init_signal_1                   0x000001bd   Thumb Code     0  libinit2.o(.ARM.Collect$$libinit$$0000001F)
    __rt_lib_init_stdio_1                    0x000001bd   Thumb Code     0  libinit2.o(.ARM.Collect$$libinit$$00000027)
    __rt_lib_shutdown                        0x000001bf   Thumb Code     0  libshutdown.o(.ARM.Collect$$libshutdown$$00000000)
    __rt_lib_shutdown_cpp_1                  0x000001c1   Thumb Code     0  libshutdown2.o(.ARM.Collect$$libshutdown$$00000002)
    __rt_lib_shutdown_fp_trap_1              0x000001c1   Thumb Code     0  libshutdown2.o(.ARM.Collect$$libshutdown$$00000007)
    __rt_lib_shutdown_heap_1                 0x000001c1   Thumb Code     0  libshutdown2.o(.ARM.Collect$$libshutdown$$0000000F)
    __rt_lib_shutdown_return                 0x000001c1   Thumb Code     0  libshutdown2.o(.ARM.Collect$$libshutdown$$00000010)
    __rt_lib_shutdown_signal_1               0x000001c1   Thumb Code     0  libshutdown2.o(.ARM.Collect$$libshutdown$$0000000A)
    __rt_lib_shutdown_stdio_1                0x000001c1   Thumb Code     0  libshutdown2.o(.ARM.Collect$$libshutdown$$00000004)
    __rt_lib_shutdown_user_alloc_1           0x000001c1   Thumb Code     0  libshutdown2.o(.ARM.Collect$$libshutdown$$0000000C)
    __rt_entry                               0x000001c3   Thumb Code     0  __rtentry.o(.ARM.Collect$$rtentry$$00000000)
    __rt_entry_presh_1                       0x000001c3   Thumb Code     0  __rtentry2.o(.ARM.Collect$$rtentry$$00000002)
    __rt_entry_sh                            0x000001c3   Thumb Code     0  __rtentry4.o(.ARM.Collect$$rtentry$$00000004)
    __rt_entry_li                            0x000001c9   Thumb Code     0  __rtentry2.o(.ARM.Collect$$rtentry$$0000000A)
    __rt_entry_postsh_1                      0x000001c9   Thumb Code     0  __rtentry2.o(.ARM.Collect$$rtentry$$00000009)
    __rt_entry_main                          0x000001cd   Thumb Code     0  __rtentry2.o(.ARM.Collect$$rtentry$$0000000D)
    __rt_entry_postli_1                      0x000001cd   Thumb Code     0  __rtentry2.o(.ARM.Collect$$rtentry$$0000000C)
    __rt_exit                                0x000001d5   Thumb Code     0  rtexit.o(.ARM.Collect$$rtexit$$00000000)
    __rt_exit_ls                             0x000001d7   Thumb Code     0  rtexit2.o(.ARM.Collect$$rtexit$$00000003)
    __rt_exit_prels_1                        0x000001d7   Thumb Code     0  rtexit2.o(.ARM.Collect$$rtexit$$00000002)
    __rt_exit_exit                           0x000001db   Thumb Code     0  rtexit2.o(.ARM.Collect$$rtexit$$00000004)
    rand                                     0x000001e1   Thumb Code    48  rand.o(.emb_text)
    Reset_Handler                            0x00000215   Thumb Code     4  startup_lpc17xx.o(.text)
    NMI_Handler                              0x00000219   Thumb Code     2  startup_lpc17xx.o(.text)
    HardFault_Handler                        0x0000021b   Thumb Code     2  startup_lpc17xx.o(.text)
    MemManage_Handler                        0x0000021d   Thumb Code     2  startup_lpc17xx.o(.text)
    BusFault_Handler                         0x0000021f   Thumb Code     2  startup_lpc17xx.o(.text)
    UsageFault_Handler                       0x00000221   Thumb Code     2  startup_lpc17xx.o(.text)
    SVC_Handler                              0x00000223   Thumb Code     2  startup_lpc17xx.o(.text)
    DebugMon_Handler                         0x00000225   Thumb Code     2  startup_lpc17xx.o(.text)
    PendSV_Handler                           0x00000227   Thumb Code     2  startup_lpc17xx.o(.text)
    SysTick_Handler                          0x00000229   Thumb Code     2  startup_lpc17xx.o(.text)
    BOD_IRQHandler                           0x0000022b   Thumb Code     0  startup_lpc17xx.o(.text)
    CANActivity_IRQHandler                   0x0000022b   Thumb Code     0  startup_lpc17xx.o(.text)
    CAN_IRQHandler                           0x0000022b   Thumb Code     0  startup_lpc17xx.o(.text)
    DMA_IRQHandler                           0x0000022b   Thumb Code     0  startup_lpc17xx.o(.text)
    EINT3_IRQHandler                         0x0000022b   Thumb Code     0  startup_lpc17xx.o(.text)
    ENET_IRQHandler                          0x0000022b   Thumb Code     0  startup_lpc17xx.o(.text)
    I2C0_IRQHandler                          0x0000022b   Thumb Code     0  startup_lpc17xx.o(.text)
    I2C1_IRQHandler                          0x0000022b   Thumb Code     0  startup_lpc17xx.o(.text)
    I2C2_IRQHandler                          0x0000022b   Thumb Code     0  startup_lpc17xx.o(.text)
    I2S_IRQHandler                           0x0000022b   Thumb Code     0  startup_lpc17xx.o(.text)
    MCPWM_IRQHandler                         0x0000022b   Thumb Code     0  startup_lpc17xx.o(.text)
    PLL0_IRQHandler                          0x0000022b   Thumb Code     0  startup_lpc17xx.o(.text)
    PLL1_IRQHandler                          0x0000022b   Thumb Code     0  startup_lpc17xx.o(.text)
    PWM1_IRQHandler                          0x0000022b   Thumb Code     0  startup_lpc17xx.o(.text)
    QEI_IRQHandler                           0x0000022b   Thumb Code     0  startup_lpc17xx.o(.text)
    RTC_IRQHandler                           0x0000022b   Thumb Code     0  startup_lpc17xx.o(.text)
    SPI_IRQHandler                           0x0000022b   Thumb Code     0  startup_lpc17xx.o(.text)
    SSP0_IRQHandler                          0x0000022b   Thumb Code     0  startup_lpc17xx.o(.text)
    SSP1_IRQHandler                          0x0000022b   Thumb Code     0  startup_lpc17xx.o(.text)
    UART0_IRQHandler                         0x0000022b   Thumb Code     0  startup_lpc17xx.o(.text)
    UART1_IRQHandler                         0x0000022b   Thumb Code     0  startup_lpc17xx.o(.text)
    UART2_IRQHandler                         0x0000022b   Thumb Code     0  startup_lpc17xx.o(.text)
    UART3_IRQHandler                         0x0000022b   Thumb Code     0  startup_lpc17xx.o(.text)
    USBActivity_IRQHandler                   0x0000022b   Thumb Code     0  startup_lpc17xx.o(.text)
    USB_IRQHandler                           0x0000022b   Thumb Code     0  startup_lpc17xx.o(.text)
    WDT_IRQHandler                           0x0000022b   Thumb Code     0  startup_lpc17xx.o(.text)
    __user_initial_stackheap                 0x0000022d   Thumb Code     0  startup_lpc17xx.o(.text)
    BUTTON_init                              0x0000024d   Thumb Code   124  lib_button.o(.text)
    __2sprintf                               0x000002c9   Thumb Code    34  noretval__2sprintf.o(.text)
    __use_two_region_memory                  0x000002f1   Thumb Code     2  heapauxi.o(.text)
    __rt_heap_escrow$2region                 0x000002f3   Thumb Code     2  heapauxi.o(.text)
    __rt_heap_expand$2region                 0x000002f5   Thumb Code     2  heapauxi.o(.text)
    __I$use$semihosting                      0x000002f7   Thumb Code     0  use_no_semi.o(.text)
    __use_no_semihosting_swi                 0x000002f7   Thumb Code     2  use_no_semi.o(.text)
    __I$use$fp                               0x000002f8   Number         0  usenofp.o(x$fpl$usenofp)
    __semihosting_library_function           0x000002f9   Thumb Code     0  indicate_semi.o(.text)
    main                                     0x00000301   Thumb Code   204  sample.o(.text)
    draw_grid_cell                           0x000003cd   Thumb Code   164  game.o(.text)
    draw_tetromino                           0x00000471   Thumb Code   258  game.o(.text)
    draw_board                               0x00000575   Thumb Code   316  game.o(.text)
    draw_block_preview                       0x000006d5   Thumb Code   138  game.o(.text)
    spawn_random_powerup                     0x00000761   Thumb Code   280  game.o(.text)
    apply_malus                              0x00000879   Thumb Code   468  game.o(.text)
    apply_clear_half                         0x00000a75   Thumb Code   284  game.o(.text)
    check_collision                          0x00000b91   Thumb Code   126  game.o(.text)
    check_lines                              0x00000c11   Thumb Code   632  game.o(.text)
    spawn_block                              0x00000e89   Thumb Code   502  game.o(.text)
    lock_block                               0x00001081   Thumb Code   448  game.o(.text)
    rotate_block                             0x00001259   Thumb Code   440  game.o(.text)
    on_key1_pressed                          0x00001411   Thumb Code   128  game.o(.text)
    game_init                                0x00001499   Thumb Code   130  game.o(.text)
    game_update                              0x0000151d   Thumb Code  1430  game.o(.text)
    SystemInit                               0x00001ab5   Thumb Code   288  system_lpc17xx.o(.text)
    LED_On                                   0x00001be5   Thumb Code    40  funct_led.o(.text)
    LED_Off                                  0x00001c0d   Thumb Code    42  funct_led.o(.text)
    LED_Out                                  0x00001c39   Thumb Code    70  funct_led.o(.text)
    LED_Out_reverse                          0x00001c81   Thumb Code    78  funct_led.o(.text)
    LED_OnAll                                0x00001cd1   Thumb Code    52  funct_led.o(.text)
    LED_OffAll                               0x00001d05   Thumb Code    54  funct_led.o(.text)
    LED_Out_Range                            0x00001d3d   Thumb Code    98  funct_led.o(.text)
    EINT0_IRQHandler                         0x00001da1   Thumb Code    68  irq_button.o(.text)
    EINT1_IRQHandler                         0x00001de5   Thumb Code    68  irq_button.o(.text)
    EINT2_IRQHandler                         0x00001e29   Thumb Code    68  irq_button.o(.text)
    RIT_IRQHandler                           0x00001e6d   Thumb Code   380  irq_rit.o(.text)
    enable_RIT                               0x00001fe9   Thumb Code    16  lib_rit.o(.text)
    disable_RIT                              0x00001ff9   Thumb Code    16  lib_rit.o(.text)
    reset_RIT                                0x00002009   Thumb Code    12  lib_rit.o(.text)
    init_RIT                                 0x00002015   Thumb Code    82  lib_rit.o(.text)
    get_RIT_value                            0x00002069   Thumb Code    10  lib_rit.o(.text)
    joystick_init                            0x00002075   Thumb Code    98  lib_joystick.o(.text)
    TIMER0_IRQHandler                        0x000020d9   Thumb Code    24  irq_timer.o(.text)
    TIMER1_IRQHandler                        0x000020f1   Thumb Code    28  irq_timer.o(.text)
    TIMER2_IRQHandler                        0x0000210d   Thumb Code    68  irq_timer.o(.text)
    TIMER3_IRQHandler                        0x00002151   Thumb Code    14  irq_timer.o(.text)
    enable_timer                             0x00002161   Thumb Code    44  lib_timer.o(.text)
    disable_timer                            0x0000218d   Thumb Code    44  lib_timer.o(.text)
    reset_timer                              0x000021b9   Thumb Code    48  lib_timer.o(.text)
    init_timer                               0x000021e9   Thumb Code   374  lib_timer.o(.text)
    toggle_timer                             0x00002361   Thumb Code    50  lib_timer.o(.text)
    get_timer_value                          0x00002395   Thumb Code    50  lib_timer.o(.text)
    get_timer_value_in_sec                   0x000023c9   Thumb Code    66  lib_timer.o(.text)
    is_timer_enabled                         0x0000240d   Thumb Code    48  lib_timer.o(.text)
    power_on_timer2                          0x0000243d   Thumb Code    18  lib_timer.o(.text)
    power_on_timer3                          0x00002451   Thumb Code    18  lib_timer.o(.text)
    GetASCIICode                             0x00002465   Thumb Code    58  asciilib.o(.text)
    LCD_Initialization                       0x000024a1   Thumb Code 12042  glcd.o(.text)
    LCD_Clear                                0x00005421   Thumb Code  2028  glcd.o(.text)
    LCD_GetPoint                             0x00006399   Thumb Code  1324  glcd.o(.text)
    LCD_SetPoint                             0x0000690d   Thumb Code   320  glcd.o(.text)
    LCD_DrawLine                             0x00006a4d   Thumb Code   546  glcd.o(.text)
    PutChar                                  0x00006c71   Thumb Code   210  glcd.o(.text)
    GUI_Text                                 0x00006d45   Thumb Code   152  glcd.o(.text)
    ADC_IRQHandler                           0x00006df5   Thumb Code    92  irq_adc.o(.text)
    ADC_init                                 0x00006e51   Thumb Code    72  lib_adc.o(.text)
    ADC_start_conversion                     0x00006e99   Thumb Code    18  lib_adc.o(.text)
    playNote                                 0x00006ead   Thumb Code    42  music.o(.text)
    music_init                               0x00006ed9   Thumb Code    58  music.o(.text)
    music_start                              0x00006f15   Thumb Code   102  music.o(.text)
    music_stop                               0x00006f7d   Thumb Code    32  music.o(.text)
    music_pause_resume                       0x00006f9d   Thumb Code   134  music.o(.text)
    music_play_clear_sfx                     0x00007025   Thumb Code    92  music.o(.text)
    music_player_tick                        0x00007081   Thumb Code   202  music.o(.text)
    __printf                                 0x0000714b   Thumb Code   104  __printf.o(.text)
    _printf_int_dec                          0x000071b5   Thumb Code   104  _printf_dec.o(.text)
    srand                                    0x0000722d   Thumb Code    42  rand.o(.text)
    _rand_init                               0x00007257   Thumb Code     4  rand.o(.text)
    __aeabi_memcpy                           0x00007269   Thumb Code     0  rt_memcpy_v6.o(.text)
    __rt_memcpy                              0x00007269   Thumb Code   138  rt_memcpy_v6.o(.text)
    _memcpy_lastbytes                        0x000072cf   Thumb Code     0  rt_memcpy_v6.o(.text)
    __aeabi_memmove                          0x000072f3   Thumb Code     0  rt_memmove_v6.o(.text)
    __rt_memmove                             0x000072f3   Thumb Code   132  rt_memmove_v6.o(.text)
    __memmove_lastfew                        0x00007353   Thumb Code     0  rt_memmove_v6.o(.text)
    __aeabi_memmove4                         0x00007377   Thumb Code     0  rt_memmove_w.o(.text)
    __aeabi_memmove8                         0x00007377   Thumb Code     0  rt_memmove_w.o(.text)
    __rt_memmove_w                           0x00007377   Thumb Code   122  rt_memmove_w.o(.text)
    __memmove_aligned                        0x0000739d   Thumb Code     0  rt_memmove_w.o(.text)
    __memmove_lastfew_aligned                0x000073d5   Thumb Code     0  rt_memmove_w.o(.text)
    __aeabi_memclr4                          0x000073f1   Thumb Code     0  rt_memclr_w.o(.text)
    __aeabi_memclr8                          0x000073f1   Thumb Code     0  rt_memclr_w.o(.text)
    __rt_memclr_w                            0x000073f1   Thumb Code     0  rt_memclr_w.o(.text)
    _memset_w                                0x000073f5   Thumb Code    74  rt_memclr_w.o(.text)
    _printf_int_common                       0x0000743f   Thumb Code   178  _printf_intcommon.o(.text)
    _printf_char_common                      0x000074fb   Thumb Code    32  _printf_char_common.o(.text)
    _sputc                                   0x00007521   Thumb Code    10  _sputc.o(.text)
    __aeabi_memcpy4                          0x0000752b   Thumb Code     0  rt_memcpy_w.o(.text)
    __aeabi_memcpy8                          0x0000752b   Thumb Code     0  rt_memcpy_w.o(.text)
    __rt_memcpy_w                            0x0000752b   Thumb Code   100  rt_memcpy_w.o(.text)
    _memcpy_lastbytes_aligned                0x00007573   Thumb Code     0  rt_memcpy_w.o(.text)
    __user_setup_stackheap                   0x0000758f   Thumb Code    74  sys_stackheap_outer.o(.text)
    exit                                     0x000075d9   Thumb Code    18  exit.o(.text)
    __user_libspace                          0x000075ed   Thumb Code     8  libspace.o(.text)
    __user_perproc_libspace                  0x000075ed   Thumb Code     0  libspace.o(.text)
    __user_perthread_libspace                0x000075ed   Thumb Code     0  libspace.o(.text)
    _sys_exit                                0x000075f5   Thumb Code     8  sys_exit.o(.text)
    __aeabi_fdiv                             0x00007601   Thumb Code     0  fdiv.o(x$fpl$fdiv)
    _fdiv                                    0x00007601   Thumb Code   384  fdiv.o(x$fpl$fdiv)
    __aeabi_ui2f                             0x00007785   Thumb Code     0  fflt_clz.o(x$fpl$ffltu)
    _ffltu                                   0x00007785   Thumb Code    38  fflt_clz.o(x$fpl$ffltu)
    __fpl_fnaninf                            0x000077ab   Thumb Code   140  fnaninf.o(x$fpl$fnaninf)
    __fpl_fretinf                            0x00007837   Thumb Code    10  fretinf.o(x$fpl$fretinf)
    TETROMINO_COLORS                         0x00007e30   Data          14  game.o(.rodata.TETROMINO_COLORS)
    TETROMINO_SHAPES                         0x00007e40   Data         224  game.o(.rodata.TETROMINO_SHAPES)
    led_mask                                 0x00007f20   Data          32  funct_led.o(.rodata.led_mask)
    Region$$Table$$Base                      0x00007f58   Number         0  anon$$obj.o(Region$$Table)
    Region$$Table$$Limit                     0x00007f88   Number         0  anon$$obj.o(Region$$Table)
    AD_last                                  0x2007c000   Data           2  irq_adc.o(.data.AD_last)
    SystemFrequency                          0x2007c004   Data           4  system_lpc17xx.o(.data.SystemFrequency)
    currentVolume                            0x2007c008   Data           4  music.o(.data.currentVolume)
    sfx_clear                                0x2007c00c   Data          40  music.o(.data.sfx_clear)
    song_tetris                              0x2007c034   Data         312  music.o(.data.song_tetris)
    status                                   0x2007c16c   Data           1  game.o(.data.status)
    _random_number_data                      0x2007c170   Data         228  rand.o(.bss)
    __libspace_start                         0x2007c254   Data          96  libspace.o(.bss)
    AD_current                               0x2007c2b4   Data           2  irq_adc.o(.bss.AD_current)
    __temporary_stack_top$libspace           0x2007c2b4   Data           0  libspace.o(.bss)
    J_click                                  0x2007c2b8   Data           4  irq_rit.o(.bss.J_click)
    J_down                                   0x2007c2bc   Data           4  irq_rit.o(.bss.J_down)
    J_left                                   0x2007c2c0   Data           4  irq_rit.o(.bss.J_left)
    J_right                                  0x2007c2c4   Data           4  irq_rit.o(.bss.J_right)
    J_up                                     0x2007c2c8   Data           4  irq_rit.o(.bss.J_up)
    board                                    0x2007c2d4   Data         400  game.o(.bss.board)
    board_powers                             0x2007c464   Data         200  game.o(.bss.board_powers)
    currentBlock                             0x2007c52c   Data          48  game.o(.bss.currentBlock)
    down_0                                   0x2007c560   Data           4  irq_rit.o(.bss.down_0)
    down_1                                   0x2007c564   Data           4  irq_rit.o(.bss.down_1)
    down_2                                   0x2007c568   Data           4  irq_rit.o(.bss.down_2)
    hard_drop_mode                           0x2007c570   Data           4  game.o(.bss.hard_drop_mode)
    highScore                                0x2007c574   Data           4  game.o(.bss.highScore)
    led_value                                0x2007c57c   Data           1  lib_led.o(.bss.led_value)
    lines_cleared_total                      0x2007c580   Data           4  game.o(.bss.lines_cleared_total)
    nextBlock                                0x2007c584   Data          48  game.o(.bss.nextBlock)
    restart_requested                        0x2007c5b4   Data           4  game.o(.bss.restart_requested)
    score                                    0x2007c5b8   Data           4  game.o(.bss.score)
    slow_powerup_timer                       0x2007c5c4   Data           4  game.o(.bss.slow_powerup_timer)
    toRelease_down_0                         0x2007c5c8   Data           4  irq_rit.o(.bss.toRelease_down_0)
    toRelease_down_1                         0x2007c5cc   Data           4  irq_rit.o(.bss.toRelease_down_1)
    toRelease_down_2                         0x2007c5d0   Data           4  irq_rit.o(.bss.toRelease_down_2)



==============================================================================

Memory Map of the image

  Image Entry point : 0x000000cd

  Load Region LR_IROM1 (Base: 0x00000000, Size: 0x000080f8, Max: 0x00080000, ABSOLUTE, COMPRESSED[0x00008008])

    Execution Region ER_IROM1 (Exec base: 0x00000000, Load base: 0x00000000, Size: 0x00007f88, Max: 0x00080000, ABSOLUTE)

    Exec Addr    Load Addr    Size         Type   Attr      Idx    E Section Name        Object

    0x00000000   0x00000000   0x000000cc   Data   RO            3    RESET               startup_lpc17xx.o
    0x000000cc   0x000000cc   0x00000008   Code   RO          271  * !!!main             c_w.l(__main.o)
    0x000000d4   0x000000d4   0x0000005c   Code   RO          500    !!!scatter          c_w.l(__scatter.o)
    0x00000130   0x00000130   0x0000005a   Code   RO          498    !!dczerorl2         c_w.l(__dczerorl2.o)
    0x0000018a   0x0000018a   0x00000002   PAD
    0x0000018c   0x0000018c   0x00000002   Code   RO          501    !!handler_null      c_w.l(__scatter.o)
    0x0000018e   0x0000018e   0x00000002   PAD
    0x00000190   0x00000190   0x0000001c   Code   RO          504    !!handler_zi        c_w.l(__scatter_zi.o)
    0x000001ac   0x000001ac   0x00000000   Code   RO          255    .ARM.Collect$$_printf_percent$$00000000  c_w.l(_printf_percent.o)
    0x000001ac   0x000001ac   0x00000006   Code   RO          254    .ARM.Collect$$_printf_percent$$00000009  c_w.l(_printf_d.o)
    0x000001b2   0x000001b2   0x00000004   Code   RO          314    .ARM.Collect$$_printf_percent$$00000017  c_w.l(_printf_percent_end.o)
    0x000001b6   0x000001b6   0x00000002   Code   RO          415    .ARM.Collect$$libinit$$00000000  c_w.l(libinit.o)
    0x000001b8   0x000001b8   0x00000000   Code   RO          318    .ARM.Collect$$libinit$$00000002  c_w.l(libinit2.o)
    0x000001b8   0x000001b8   0x00000000   Code   RO          320    .ARM.Collect$$libinit$$00000004  c_w.l(libinit2.o)
    0x000001b8   0x000001b8   0x00000000   Code   RO          322    .ARM.Collect$$libinit$$00000006  c_w.l(libinit2.o)
    0x000001b8   0x000001b8   0x00000000   Code   RO          325    .ARM.Collect$$libinit$$0000000C  c_w.l(libinit2.o)
    0x000001b8   0x000001b8   0x00000000   Code   RO          327    .ARM.Collect$$libinit$$0000000E  c_w.l(libinit2.o)
    0x000001b8   0x000001b8   0x00000004   Code   RO          328    .ARM.Collect$$libinit$$0000000F  c_w.l(libinit2.o)
    0x000001bc   0x000001bc   0x00000000   Code   RO          329    .ARM.Collect$$libinit$$00000010  c_w.l(libinit2.o)
    0x000001bc   0x000001bc   0x00000000   Code   RO          332    .ARM.Collect$$libinit$$00000013  c_w.l(libinit2.o)
    0x000001bc   0x000001bc   0x00000000   Code   RO          334    .ARM.Collect$$libinit$$00000015  c_w.l(libinit2.o)
    0x000001bc   0x000001bc   0x00000000   Code   RO          336    .ARM.Collect$$libinit$$00000017  c_w.l(libinit2.o)
    0x000001bc   0x000001bc   0x00000000   Code   RO          338    .ARM.Collect$$libinit$$00000019  c_w.l(libinit2.o)
    0x000001bc   0x000001bc   0x00000000   Code   RO          340    .ARM.Collect$$libinit$$0000001B  c_w.l(libinit2.o)
    0x000001bc   0x000001bc   0x00000000   Code   RO          342    .ARM.Collect$$libinit$$0000001D  c_w.l(libinit2.o)
    0x000001bc   0x000001bc   0x00000000   Code   RO          344    .ARM.Collect$$libinit$$0000001F  c_w.l(libinit2.o)
    0x000001bc   0x000001bc   0x00000000   Code   RO          346    .ARM.Collect$$libinit$$00000021  c_w.l(libinit2.o)
    0x000001bc   0x000001bc   0x00000000   Code   RO          348    .ARM.Collect$$libinit$$00000023  c_w.l(libinit2.o)
    0x000001bc   0x000001bc   0x00000000   Code   RO          350    .ARM.Collect$$libinit$$00000025  c_w.l(libinit2.o)
    0x000001bc   0x000001bc   0x00000000   Code   RO          352    .ARM.Collect$$libinit$$00000027  c_w.l(libinit2.o)
    0x000001bc   0x000001bc   0x00000000   Code   RO          356    .ARM.Collect$$libinit$$0000002E  c_w.l(libinit2.o)
    0x000001bc   0x000001bc   0x00000000   Code   RO          358    .ARM.Collect$$libinit$$00000030  c_w.l(libinit2.o)
    0x000001bc   0x000001bc   0x00000000   Code   RO          360    .ARM.Collect$$libinit$$00000032  c_w.l(libinit2.o)
    0x000001bc   0x000001bc   0x00000000   Code   RO          362    .ARM.Collect$$libinit$$00000034  c_w.l(libinit2.o)
    0x000001bc   0x000001bc   0x00000002   Code   RO          363    .ARM.Collect$$libinit$$00000035  c_w.l(libinit2.o)
    0x000001be   0x000001be   0x00000002   Code   RO          457    .ARM.Collect$$libshutdown$$00000000  c_w.l(libshutdown.o)
    0x000001c0   0x000001c0   0x00000000   Code   RO          465    .ARM.Collect$$libshutdown$$00000002  c_w.l(libshutdown2.o)
    0x000001c0   0x000001c0   0x00000000   Code   RO          467    .ARM.Collect$$libshutdown$$00000004  c_w.l(libshutdown2.o)
    0x000001c0   0x000001c0   0x00000000   Code   RO          470    .ARM.Collect$$libshutdown$$00000007  c_w.l(libshutdown2.o)
    0x000001c0   0x000001c0   0x00000000   Code   RO          473    .ARM.Collect$$libshutdown$$0000000A  c_w.l(libshutdown2.o)
    0x000001c0   0x000001c0   0x00000000   Code   RO          475    .ARM.Collect$$libshutdown$$0000000C  c_w.l(libshutdown2.o)
    0x000001c0   0x000001c0   0x00000000   Code   RO          478    .ARM.Collect$$libshutdown$$0000000F  c_w.l(libshutdown2.o)
    0x000001c0   0x000001c0   0x00000002   Code   RO          479    .ARM.Collect$$libshutdown$$00000010  c_w.l(libshutdown2.o)
    0x000001c2   0x000001c2   0x00000000   Code   RO          307    .ARM.Collect$$rtentry$$00000000  c_w.l(__rtentry.o)
    0x000001c2   0x000001c2   0x00000000   Code   RO          380    .ARM.Collect$$rtentry$$00000002  c_w.l(__rtentry2.o)
    0x000001c2   0x000001c2   0x00000006   Code   RO          392    .ARM.Collect$$rtentry$$00000004  c_w.l(__rtentry4.o)
    0x000001c8   0x000001c8   0x00000000   Code   RO          382    .ARM.Collect$$rtentry$$00000009  c_w.l(__rtentry2.o)
    0x000001c8   0x000001c8   0x00000004   Code   RO          383    .ARM.Collect$$rtentry$$0000000A  c_w.l(__rtentry2.o)
    0x000001cc   0x000001cc   0x00000000   Code   RO          385    .ARM.Collect$$rtentry$$0000000C  c_w.l(__rtentry2.o)
    0x000001cc   0x000001cc   0x00000008   Code   RO          386    .ARM.Collect$$rtentry$$0000000D  c_w.l(__rtentry2.o)
    0x000001d4   0x000001d4   0x00000002   Code   RO          423    .ARM.Collect$$rtexit$$00000000  c_w.l(rtexit.o)
    0x000001d6   0x000001d6   0x00000000   Code   RO          435    .ARM.Collect$$rtexit$$00000002  c_w.l(rtexit2.o)
    0x000001d6   0x000001d6   0x00000004   Code   RO          436    .ARM.Collect$$rtexit$$00000003  c_w.l(rtexit2.o)
    0x000001da   0x000001da   0x00000006   Code   RO          437    .ARM.Collect$$rtexit$$00000004  c_w.l(rtexit2.o)
    0x000001e0   0x000001e0   0x00000034   Code   RO          256    .emb_text           c_w.l(rand.o)
    0x00000214   0x00000214   0x00000038   Code   RO            5    .text               startup_lpc17xx.o
    0x0000024c   0x0000024c   0x0000007c   Code   RO           88    .text               lib_button.o
    0x000002c8   0x000002c8   0x00000028   Code   RO          228    .text               c_w.l(noretval__2sprintf.o)
    0x000002f0   0x000002f0   0x00000006   Code   RO          269    .text               c_w.l(heapauxi.o)
    0x000002f6   0x000002f6   0x00000002   Code   RO          431    .text               c_w.l(use_no_semi.o)
    0x000002f8   0x000002f8   0x00000000   Code   RO          433    .text               c_w.l(indicate_semi.o)
    0x000002f8   0x000002f8   0x00000000   Code   RO          378    x$fpl$usenofp       fz_ws.l(usenofp.o)
    0x000002f8   0x000002f8   0x00000004   PAD
    0x000002fc   0x000002fc   0x00000004   Code   RO            4    .ARM.__at_0x02FC    startup_lpc17xx.o
    0x00000300   0x00000300   0x000000cc   Code   RO           13    .text               sample.o
    0x000003cc   0x000003cc   0x000016e6   Code   RO           30    .text               game.o
    0x00001ab2   0x00001ab2   0x00000002   PAD
    0x00001ab4   0x00001ab4   0x00000130   Code   RO           55    .text               system_lpc17xx.o
    0x00001be4   0x00001be4   0x000001ba   Code   RO           63    .text               funct_led.o
    0x00001d9e   0x00001d9e   0x00000002   PAD
    0x00001da0   0x00001da0   0x000000cc   Code   RO           81    .text               irq_button.o
    0x00001e6c   0x00001e6c   0x0000017c   Code   RO           95    .text               irq_rit.o
    0x00001fe8   0x00001fe8   0x0000008a   Code   RO          118    .text               lib_rit.o
    0x00002072   0x00002072   0x00000002   PAD
    0x00002074   0x00002074   0x00000062   Code   RO          126    .text               lib_joystick.o
    0x000020d6   0x000020d6   0x00000002   PAD
    0x000020d8   0x000020d8   0x00000086   Code   RO          137    .text               irq_timer.o
    0x0000215e   0x0000215e   0x00000002   PAD
    0x00002160   0x00002160   0x00000302   Code   RO          146    .text               lib_timer.o
    0x00002462   0x00002462   0x00000002   PAD
    0x00002464   0x00002464   0x0000003a   Code   RO          154    .text               asciilib.o
    0x0000249e   0x0000249e   0x00000002   PAD
    0x000024a0   0x000024a0   0x00004952   Code   RO          162    .text               glcd.o
    0x00006df2   0x00006df2   0x00000002   PAD
    0x00006df4   0x00006df4   0x0000005c   Code   RO          192    .text               irq_adc.o
    0x00006e50   0x00006e50   0x0000005a   Code   RO          201    .text               lib_adc.o
    0x00006eaa   0x00006eaa   0x00000002   PAD
    0x00006eac   0x00006eac   0x0000029e   Code   RO          208    .text               music.o
    0x0000714a   0x0000714a   0x00000068   Code   RO          230    .text               c_w.l(__printf.o)
    0x000071b2   0x000071b2   0x00000002   PAD
    0x000071b4   0x000071b4   0x00000078   Code   RO          232    .text               c_w.l(_printf_dec.o)
    0x0000722c   0x0000722c   0x0000003c   Code   RO          257    .text               c_w.l(rand.o)
    0x00007268   0x00007268   0x0000008a   Code   RO          261    .text               c_w.l(rt_memcpy_v6.o)
    0x000072f2   0x000072f2   0x00000084   Code   RO          263    .text               c_w.l(rt_memmove_v6.o)
    0x00007376   0x00007376   0x0000007a   Code   RO          265    .text               c_w.l(rt_memmove_w.o)
    0x000073f0   0x000073f0   0x0000004e   Code   RO          267    .text               c_w.l(rt_memclr_w.o)
    0x0000743e   0x0000743e   0x000000b2   Code   RO          308    .text               c_w.l(_printf_intcommon.o)
    0x000074f0   0x000074f0   0x00000030   Code   RO          310    .text               c_w.l(_printf_char_common.o)
    0x00007520   0x00007520   0x0000000a   Code   RO          312    .text               c_w.l(_sputc.o)
    0x0000752a   0x0000752a   0x00000064   Code   RO          315    .text               c_w.l(rt_memcpy_w.o)
    0x0000758e   0x0000758e   0x0000004a   Code   RO          402    .text               c_w.l(sys_stackheap_outer.o)
    0x000075d8   0x000075d8   0x00000012   Code   RO          404    .text               c_w.l(exit.o)
    0x000075ea   0x000075ea   0x00000002   PAD
    0x000075ec   0x000075ec   0x00000008   Code   RO          420    .text               c_w.l(libspace.o)
    0x000075f4   0x000075f4   0x0000000c   Code   RO          447    .text               c_w.l(sys_exit.o)
    0x00007600   0x00007600   0x00000184   Code   RO          298    x$fpl$fdiv          fz_ws.l(fdiv.o)
    0x00007784   0x00007784   0x00000026   Code   RO          301    x$fpl$ffltu         fz_ws.l(fflt_clz.o)
    0x000077aa   0x000077aa   0x0000008c   Code   RO          374    x$fpl$fnaninf       fz_ws.l(fnaninf.o)
    0x00007836   0x00007836   0x0000000a   Code   RO          376    x$fpl$fretinf       fz_ws.l(fretinf.o)
    0x00007840   0x00007840   0x000005f0   Data   RO          156    .rodata.AsciiLib    asciilib.o
    0x00007e30   0x00007e30   0x0000000e   Data   RO           40    .rodata.TETROMINO_COLORS  game.o
    0x00007e3e   0x00007e3e   0x00000002   PAD
    0x00007e40   0x00007e40   0x000000e0   Data   RO           39    .rodata.TETROMINO_SHAPES  game.o
    0x00007f20   0x00007f20   0x00000020   Data   RO           65    .rodata.led_mask    funct_led.o
    0x00007f40   0x00007f40   0x00000016   Data   RO           42    .rodata.str1.1      game.o
    0x00007f56   0x00007f56   0x00000002   PAD
    0x00007f58   0x00007f58   0x00000030   Data   RO          497    Region$$Table       anon$$obj.o


    Execution Region RW_IRAM1 (Exec base: 0x10000000, Load base: 0x00007f88, Size: 0x00001640, Max: 0x00008000, ABSOLUTE)

    Exec Addr    Load Addr    Size         Type   Attr      Idx    E Section Name        Object

    0x10000000        -       0x00000640   Zero   RW           43    .bss.spawn_random_powerup.occupied_blocks  game.o
    0x10000640        -       0x00001000   Zero   RW            1    STACK               startup_lpc17xx.o


    Execution Region RW_IRAM2 (Exec base: 0x2007c000, Load base: 0x00007f88, Size: 0x000015d8, Max: 0x00008000, ABSOLUTE, COMPRESSED[0x00000080])

    Exec Addr    Load Addr    Size         Type   Attr      Idx    E Section Name        Object

    0x2007c000   COMPRESSED   0x00000002   Data   RW          194    .data.AD_last       irq_adc.o
    0x2007c002   COMPRESSED   0x00000002   PAD
    0x2007c004   COMPRESSED   0x00000004   Data   RW           57    .data.SystemFrequency  system_lpc17xx.o
    0x2007c008   COMPRESSED   0x00000004   Data   RW          210    .data.currentVolume  music.o
    0x2007c00c   COMPRESSED   0x00000028   Data   RW          211    .data.sfx_clear     music.o
    0x2007c034   COMPRESSED   0x00000138   Data   RW          212    .data.song_tetris   music.o
    0x2007c16c   COMPRESSED   0x00000001   Data   RW           32    .data.status        game.o
    0x2007c16d   COMPRESSED   0x00000003   PAD
    0x2007c170        -       0x000000e4   Zero   RW          258    .bss                c_w.l(rand.o)
    0x2007c254        -       0x00000060   Zero   RW          421    .bss                c_w.l(libspace.o)
    0x2007c2b4        -       0x00000002   Zero   RW          195    .bss.AD_current     irq_adc.o
    0x2007c2b6   COMPRESSED   0x00000002   PAD
    0x2007c2b8        -       0x00000004   Zero   RW          107    .bss.J_click        irq_rit.o
    0x2007c2bc        -       0x00000004   Zero   RW          104    .bss.J_down         irq_rit.o
    0x2007c2c0        -       0x00000004   Zero   RW          106    .bss.J_left         irq_rit.o
    0x2007c2c4        -       0x00000004   Zero   RW          105    .bss.J_right        irq_rit.o
    0x2007c2c8        -       0x00000004   Zero   RW          103    .bss.J_up           irq_rit.o
    0x2007c2cc        -       0x00000001   Zero   RW          164    .bss.LCD_Code       glcd.o
    0x2007c2cd   COMPRESSED   0x00000003   PAD
    0x2007c2d0        -       0x00000001   Zero   RW          139    .bss.TIMER2_IRQHandler.speaker_state  irq_timer.o
    0x2007c2d1   COMPRESSED   0x00000003   PAD
    0x2007c2d4        -       0x00000190   Zero   RW           44    .bss.board          game.o
    0x2007c464        -       0x000000c8   Zero   RW           41    .bss.board_powers   game.o
    0x2007c52c        -       0x00000030   Zero   RW           45    .bss.currentBlock   game.o
    0x2007c55c        -       0x00000004   Zero   RW          213    .bss.current_note_index  music.o
    0x2007c560        -       0x00000004   Zero   RW           97    .bss.down_0         irq_rit.o
    0x2007c564        -       0x00000004   Zero   RW           98    .bss.down_1         irq_rit.o
    0x2007c568        -       0x00000004   Zero   RW           99    .bss.down_2         irq_rit.o
    0x2007c56c        -       0x00000004   Zero   RW           47    .bss.drop_ticks     game.o
    0x2007c570        -       0x00000004   Zero   RW           37    .bss.hard_drop_mode  game.o
    0x2007c574        -       0x00000004   Zero   RW           35    .bss.highScore      game.o
    0x2007c578        -       0x00000004   Zero   RW          214    .bss.is_playing     music.o
    0x2007c57c        -       0x00000001   Zero   RW           75    .bss.led_value      lib_led.o
    0x2007c57d   COMPRESSED   0x00000003   PAD
    0x2007c580        -       0x00000004   Zero   RW           34    .bss.lines_cleared_total  game.o
    0x2007c584        -       0x00000030   Zero   RW           46    .bss.nextBlock      game.o
    0x2007c5b4        -       0x00000004   Zero   RW           38    .bss.restart_requested  game.o
    0x2007c5b8        -       0x00000004   Zero   RW           33    .bss.score          game.o
    0x2007c5bc        -       0x00000004   Zero   RW          215    .bss.sfx_active     music.o
    0x2007c5c0        -       0x00000004   Zero   RW          216    .bss.sfx_note_index  music.o
    0x2007c5c4        -       0x00000004   Zero   RW           36    .bss.slow_powerup_timer  game.o
    0x2007c5c8        -       0x00000004   Zero   RW          100    .bss.toRelease_down_0  irq_rit.o
    0x2007c5cc        -       0x00000004   Zero   RW          101    .bss.toRelease_down_1  irq_rit.o
    0x2007c5d0        -       0x00000004   Zero   RW          102    .bss.toRelease_down_2  irq_rit.o
    0x2007c5d4   COMPRESSED   0x00000004   PAD
    0x2007c5d8        -       0x00001000   Zero   RW            2    HEAP                startup_lpc17xx.o


==============================================================================

Image component sizes


      Code (inc. data)   RO Data    RW Data    ZI Data      Debug   Object Name

        58          0       1520          0          0        674   asciilib.o
       442          0         32          0          0       3776   funct_led.o
      5862        108        260          1       2324      18278   game.o
     18770          0          0          0          1      25091   glcd.o
        92          0          0          2          2       1208   irq_adc.o
       204          0          0          0          0       4045   irq_button.o
       380          0          0          0         44       4953   irq_rit.o
       134          0          0          0          1       1796   irq_timer.o
        90          0          0          0          0       4207   lib_adc.o
       124          0          0          0          0       5608   lib_button.o
        98          0          0          0          0       2578   lib_joystick.o
         0          0          0          0          1       2591   lib_led.o
       138          0          0          0          0       4262   lib_rit.o
       770         48          0          0          0       6928   lib_timer.o
       670          0          0        356         16       5204   music.o
       204          0          0          0          0       4297   sample.o
        60         26        204          0       8192       1124   startup_lpc17xx.o
       304         20          0          4          0       1950   system_lpc17xx.o

    ----------------------------------------------------------------------
     28418        202       2068        368      10596      98570   Object Totals
         0          0         48          0          0          0   (incl. Generated)
        18          0          4          5         15          0   (incl. Padding)

    ----------------------------------------------------------------------

      Code (inc. data)   RO Data    RW Data    ZI Data      Debug   Library Member Name

        90          0          0          0          0          0   __dczerorl2.o
         8          0          0          0          0         68   __main.o
       104          0          0          0          0         84   __printf.o
         0          0          0          0          0          0   __rtentry.o
        12          0          0          0          0          0   __rtentry2.o
         6          0          0          0          0          0   __rtentry4.o
        94          8          0          0          0          0   __scatter.o
        28          0          0          0          0          0   __scatter_zi.o
        48          6          0          0          0         96   _printf_char_common.o
         6          0          0          0          0          0   _printf_d.o
       120         16          0          0          0         92   _printf_dec.o
       178          0          0          0          0         88   _printf_intcommon.o
         0          0          0          0          0          0   _printf_percent.o
         4          0          0          0          0          0   _printf_percent_end.o
        10          0          0          0          0         68   _sputc.o
        18          0          0          0          0         80   exit.o
         6          0          0          0          0        152   heapauxi.o
         0          0          0          0          0          0   indicate_semi.o
         2          0          0          0          0          0   libinit.o
         6          0          0          0          0          0   libinit2.o
         2          0          0          0          0          0   libshutdown.o
         2          0          0          0          0          0   libshutdown2.o
         8          4          0          0         96         68   libspace.o
        40          6          0          0          0         84   noretval__2sprintf.o
       112         18          0          0        228        160   rand.o
        78          0          0          0          0         80   rt_memclr_w.o
       138          0          0          0          0         68   rt_memcpy_v6.o
       100          0          0          0          0         80   rt_memcpy_w.o
       132          0          0          0          0         68   rt_memmove_v6.o
       122          0          0          0          0         80   rt_memmove_w.o
         2          0          0          0          0          0   rtexit.o
        10          0          0          0          0          0   rtexit2.o
        12          4          0          0          0         68   sys_exit.o
        74          0          0          0          0         80   sys_stackheap_outer.o
         2          0          0          0          0         68   use_no_semi.o
       388         76          0          0          0         96   fdiv.o
        38          0          0          0          0         68   fflt_clz.o
       140          4          0          0          0         84   fnaninf.o
        10          0          0          0          0         68   fretinf.o
         0          0          0          0          0          0   usenofp.o

    ----------------------------------------------------------------------
      2162        142          0          0        324       1948   Library Totals
        12          0          0          0          0          0   (incl. Padding)

    ----------------------------------------------------------------------

      Code (inc. data)   RO Data    RW Data    ZI Data      Debug   Library Name

      1574         62          0          0        324       1632   c_w.l
       576         80          0          0          0        316   fz_ws.l

    ----------------------------------------------------------------------
      2162        142          0          0        324       1948   Library Totals

    ----------------------------------------------------------------------

==============================================================================


      Code (inc. data)   RO Data    RW Data    ZI Data      Debug   

     30580        344       2068        368      10920      99294   Grand Totals
     30580        344       2068        128      10920      99294   ELF Image Totals (compressed)
     30580        344       2068        128          0          0   ROM Totals

==============================================================================

    Total RO  Size (Code + RO Data)                32648 (  31.88kB)
    Total RW  Size (RW Data + ZI Data)             11288 (  11.02kB)
    Total ROM Size (Code + RO Data + RW Data)      32776 (  32.01kB)

==============================================================================

